******************************************************************************
                  TI ARM Linker PC v16.9.3                     
******************************************************************************
>> Linked Sat Oct 07 15:19:33 2017

OUTPUT FILE NAME:   <MarsMiniRover.out>
ENTRY POINT SYMBOL: "_c_int00"  address: 00004851


MEMORY CONFIGURATION

         name            origin    length      used     unused   attr    fill
----------------------  --------  ---------  --------  --------  ----  --------
  FLASH                 00000000   00040000  00008814  000377ec  R  X
  SRAM                  20000000   00008000  0000185d  000067a3  RW X


SEGMENT ALLOCATION MAP

run origin  load origin   length   init length attrs members
----------  ----------- ---------- ----------- ----- -------
00000000    00000000    00008820   00008820    r-x
  00000000    00000000    0000003c   0000003c    r-- .resetVecs
  00000040    00000040    00006572   00006572    r-x .text
  000065b4    000065b4    0000203e   0000203e    r-- .const
  000085f8    000085f8    00000228   00000228    r-- .cinit
20000000    20000000    00001860   00000000    rw-
  20000000    20000000    00000360   00000000    rw- .vecs
  20000360    20000360    00000d4b   00000000    rw- .bss
  200010ac    200010ac    000004b2   00000000    rw- .data
  20001560    20001560    00000300   00000000    rw- .stack


SECTION ALLOCATION MAP

 output                                  attributes/
section   page    origin      length       input sections
--------  ----  ----------  ----------   ----------------
.text      0    00000040    00006572     
                  00000040    000004d0     TivaC_GPIO_Config.obj (.text:GPIOPinInfo)
                  00000510    00000430     sysbios.aem4f : BIOS.obj (.text:ti_sysbios_family_arm_m3_Hwi_excDumpRegs__I)
                  00000940    0000035c     TivaC_GPIO_Config.obj (.text:PWMPinInfo)
                  00000c9c    0000034c     ti.targets.arm.rtsarm.aem4f : System.oem4f (.text:xdc_runtime_System_doPrint__I)
                  00000fe8    00000324     rtsv7M4_T_le_v4SPD16_eabi.lib : trgdrv.obj (.text)
                  0000130c    00000004     app_pem4f.oem4f (.text:ti_sysbios_BIOS_RtsGateProxy_enter__E)
                  00001310    000002c8     sysbios.aem4f : BIOS.obj (.text:ti_sysbios_knl_Semaphore_pend__E)
                  000015d8    00000258                   : BIOS.obj (.text:ti_sysbios_heaps_HeapMem_free__E)
                  00001830    00000248                   : BIOS.obj (.text:ti_sysbios_heaps_HeapMem_alloc__E)
                  00001a78    00000244     TivaC_GPIO_Config.obj (.text:UARTPinInfo)
                  00001cbc    00000004     app_pem4f.oem4f (.text:ti_sysbios_BIOS_RtsGateProxy_leave__E)
                  00001cc0    000001fc     sysbios.aem4f : BIOS.obj (.text:ti_sysbios_family_arm_m3_Hwi_excHandlerMax__I)
                  00001ebc    000001d0     main.obj (.text:Contrler_Task)
                  0000208c    0000018c     TivaC_GPIO_Config.obj (.text:GPIOSet)
                  00002218    00000174     sysbios.aem4f : BIOS.obj (.text:ti_sysbios_family_arm_m3_Hwi_excBusFault__I)
                  0000238c    00000004                   : BIOS.obj (.text:ti_sysbios_family_arm_lm4_Timer_masterEnable__I)
                  00002390    00000164                   : BIOS.obj (.text:ti_sysbios_family_arm_m3_Hwi_excUsageFault__I)
                  000024f4    00000004     app_pem4f.oem4f (.text:ti_sysbios_family_arm_m3_TaskSupport_Module__startupDone__S)
                  000024f8    00000148     sysbios.aem4f : BIOS.obj (.text:ti_sysbios_family_arm_lm4_Timer_start__E)
                  00002640    00000148                   : BIOS.obj (.text:ti_sysbios_family_arm_m3_Hwi_excMemFault__I)
                  00002788    0000013c                   : BIOS.obj (.text:ti_sysbios_heaps_HeapMem_Instance_init__E)
                  000028c4    00000130     driverlib.lib : gpio.obj (.text:GPIOPadConfigSet)
                  000029f4    00000118     ti.targets.arm.rtsarm.aem4f : Error.oem4f (.text:xdc_runtime_Error_policyDefault__E)
                  00002b0c    0000010c     driverlib.lib : sysctl.obj (.text:SysCtlClockGet)
                  00002c18    00000100     Boot.aem4f : Boot_sysctl.oem4f (.text:ti_catalog_arm_cortexm4_tiva_ce_Boot_sysCtlClockSetI__I)
                  00002d18    00000100     ti.targets.arm.rtsarm.aem4f : Core-mem.oem4f (.text:xdc_runtime_Core_createObject__I)
                  00002e18    000000f8                                 : Startup.oem4f (.text:xdc_runtime_Startup_startMods__I)
                  00002f10    000000f8     app_pem4f.oem4f (.text:xdc_runtime_System_printfExtend__I)
                  00003008    000000f4     sysbios.aem4f : m3_Hwi_asm.obj (.text:ti_sysbios_family_arm_m3_Hwi_dispatch__I)
                  000030fc    00000004     app_pem4f.oem4f (.text:ti_sysbios_hal_Timer_TimerProxy_start__E)
                  00003100    000000ec     sysbios.aem4f : BIOS.obj (.text:ti_sysbios_knl_Semaphore_post__E)
                  000031ec    000000cc     ti.targets.arm.rtsarm.aem4f : Core-smem.oem4f (.text:xdc_runtime_Core_constructObject__I)
                  000032b8    000000c0     TivaC_GPIO_Config.obj (.text:UARTStringGet)
                  00003378    000000bc     sysbios.aem4f : BIOS.obj (.text:ti_sysbios_family_arm_m3_Hwi_excDebugMon__I)
                  00003434    00000004     app_pem4f.oem4f (.text:ti_sysbios_heaps_HeapMem_Module_GateProxy_enter__E)
                  00003438    000000bc     sysbios.aem4f : BIOS.obj (.text:ti_sysbios_family_arm_m3_Hwi_excHardFault__I)
                  000034f4    00000004     app_pem4f.oem4f (.text:ti_sysbios_heaps_HeapMem_Module_GateProxy_leave__E)
                  000034f8    000000b4     sysbios.aem4f : BIOS.obj (.text:ti_sysbios_gates_GateMutex_enter__E)
                  000035ac    00000004     app_pem4f.oem4f (.text:ti_sysbios_knl_Clock_TimerProxy_getMaxTicks__E)
                  000035b0    000000b4     sysbios.aem4f : BIOS.obj (.text:ti_sysbios_knl_Task_checkStacks__E)
                  00003664    00000004     app_pem4f.oem4f (.text:ti_sysbios_knl_Queue_destruct)
                  00003668    000000ac     sysbios.aem4f : BIOS.obj (.text:ti_sysbios_family_arm_lm4_Timer_enableTiva__I)
                  00003714    00000004     app_pem4f.oem4f (.text:ti_sysbios_knl_Semaphore_destruct)
                  00003718    000000a8     sysbios.aem4f : BIOS.obj (.text:ti_sysbios_family_arm_lm4_Timer_enableTimers__I)
                  000037c0    000000a8                   : BIOS.obj (.text:ti_sysbios_knl_Task_postInit__I)
                  00003868    000000a0     auto_init.aem4f : auto_init.oem4f (.text)
                  00003908    000000a0     ti.targets.arm.rtsarm.aem4f : Text.oem4f (.text:xdc_runtime_Text_putMod__E)
                  000039a8    0000009c     rtsv7M4_T_le_v4SPD16_eabi.lib : memcpy_t2.obj (.text)
                  00003a44    00000004     ti.targets.arm.rtsarm.aem4f : Error.oem4f (.text:xdc_runtime_Error_getSite__E)
                  00003a48    0000009c     sysbios.aem4f : BIOS.obj (.text:ti_sysbios_knl_Semaphore_Instance_init__E)
                  00003ae4    0000009a     ti.targets.arm.rtsarm.aem4f : Text.oem4f (.text:xdc_runtime_Text_putSite__E)
                  00003b7e    00000002     rtsv7M4_T_le_v4SPD16_eabi.lib : i_div0.obj (.text)
                  00003b80    00000098     Boot.aem4f : Boot.oem4f (.text:ti_catalog_arm_cortexm4_tiva_ce_Boot_sysCtlClockSet__E)
                  00003c18    00000094     sysbios.aem4f : BIOS.obj (.text:ti_sysbios_family_arm_m3_Hwi_initNVIC__E)
                  00003cac    0000008c                   : m3_TaskSupport_asm.obj (.text:ti_sysbios_family_arm_m3_TaskSupport_buildTaskStack)
                  00003d38    00000084     Nokia_5110.obj (.text:LCDWriteCmd)
                  00003dbc    00000084     Nokia_5110.obj (.text:LCDWriteData)
                  00003e40    00000084     sysbios.aem4f : BIOS.obj (.text:ti_sysbios_family_arm_m3_Hwi_postInit__I)
                  00003ec4    00000080     TivaC_GPIO_Config.obj (.text:integerToString)
                  00003f44    0000007c     TivaC_GPIO_Config.obj (.text:setPinsToWTF)
                  00003fc0    0000007a     rtsv7M4_T_le_v4SPD16_eabi.lib : memset_t2.obj (.text)
                  0000403a    00000072     main.obj (.text:GPIOInit)
                  000040ac    00000004     app_pem4f.oem4f (.text:xdc_runtime_System_Module_GateProxy_enter__E)
                  000040b0    00000070     sysbios.aem4f : BIOS.obj (.text:ti_sysbios_knl_Task_exit__E)
                  00004120    0000006d     ti.targets.arm.rtsarm.aem4f : System.oem4f (.text:xdc_runtime_System_formatNum__I)
                  0000418d    00000001     --HOLE-- [fill = 0]
                  0000418e    00000002     app_pem4f.oem4f (.text:ti_sysbios_BIOS_nullFunc__I)
                  00004190    0000006c     sysbios.aem4f : BIOS.obj (.text:ti_sysbios_knl_Clock_workFunc__E)
                  000041fc    00000004     app_pem4f.oem4f (.text:xdc_runtime_System_Module_GateProxy_leave__E)
                  00004200    0000006c     sysbios.aem4f : BIOS.obj (.text:ti_sysbios_knl_Swi_restoreHwi__E)
                  0000426c    0000006c     ti.targets.arm.rtsarm.aem4f : Error.oem4f (.text:xdc_runtime_Error_print__E)
                  000042d8    0000006c                                 : Memory.oem4f (.text:xdc_runtime_Memory_alloc__E)
                  00004344    00000068     TivaC_GPIO_Config.obj (.text:UARTStringPut)
                  000043ac    00000068     rtsv7M4_T_le_v4SPD16_eabi.lib : copy_decompress_lzss.obj (.text:decompress:lzss)
                  00004414    00000068                                   : trgmsg.obj (.text)
                  0000447c    00000066     ti.targets.arm.rtsarm.aem4f : Core-mem.oem4f (.text:xdc_runtime_Core_deleteObject__I)
                  000044e2    00000006     driverlib.lib : gpio.obj (.text:GPIOPinWrite)
                  000044e8    00000064     sysbios.aem4f : BIOS.obj (.text:ti_sysbios_family_arm_lm4_Timer_Module_startup__E)
                  0000454c    00000004     ti.targets.arm.rtsarm.aem4f : System.oem4f (.text:xdc_runtime_System_aprintf_va__F)
                  00004550    00000064     sysbios.aem4f : BIOS.obj (.text:ti_sysbios_family_arm_m3_Hwi_dispatchC__I)
                  000045b4    00000004     ti.targets.arm.rtsarm.aem4f : System.oem4f (.text:xdc_runtime_System_printf_va__F)
                  000045b8    00000060     sysbios.aem4f : BIOS.obj (.text:ti_sysbios_family_arm_lm4_Timer_isrStub__E)
                  00004618    00000060                   : BIOS.obj (.text:ti_sysbios_knl_Task_schedule__I)
                  00004678    0000005c                   : BIOS.obj (.text:ti_sysbios_knl_Swi_run__I)
                  000046d4    00000002     app_pem4f.oem4f (.text:xdc_runtime_Startup_reset__I)
                  000046d6    00000002     --HOLE-- [fill = 0]
                  000046d8    0000005c     sysbios.aem4f : BIOS.obj (.text:ti_sysbios_knl_Swi_schedule__I)
                  00004734    00000004     --HOLE-- [fill = 0]
                  00004738    0000005c                   : BIOS.obj (.text:ti_sysbios_knl_Task_Module_startup__E)
                  00004794    00000004     --HOLE-- [fill = 0]
                  00004798    0000005c                   : BIOS.obj (.text:ti_sysbios_knl_Task_startCore__E)
                  000047f4    0000005b     ti.targets.arm.rtsarm.aem4f : Text.oem4f (.text:xdc_runtime_Text_putLab__E)
                  0000484f    00000001     --HOLE-- [fill = 0]
                  00004850    00000058     boot.aem4f : boot.oem4f (.text)
                  000048a8    00000058     sysbios.aem4f : m3_Hwi_asm_switch.obj (.text:ti_sysbios_family_arm_m3_Hwi_initStacks__E)
                  00004900    00000054     rtsv7M4_T_le_v4SPD16_eabi.lib : exit.obj (.text)
                  00004954    00000054     ti.targets.arm.rtsarm.aem4f : Assert.oem4f (.text:xdc_runtime_Assert_raise__I)
                  000049a8    00000052     TivaC_GPIO_Config.obj (.text:stringToInteger)
                  000049fa    00000002     --HOLE-- [fill = 0]
                  000049fc    00000050     TivaC_GPIO_Config.obj (.text:setPWMDuty)
                  00004a4c    00000050     TivaC_GPIO_Config.obj (.text:setPWMOff)
                  00004a9c    00000050     TivaC_GPIO_Config.obj (.text:setPWMOn)
                  00004aec    00000004     --HOLE-- [fill = 0]
                  00004af0    00000050     sysbios.aem4f : BIOS.obj (.text:ti_sysbios_family_arm_m3_Hwi_Module_startup__E)
                  00004b40    00000050     ti.targets.arm.rtsarm.aem4f : Startup.oem4f (.text:xdc_runtime_Startup_exec__E)
                  00004b90    00000050                                 : Text.oem4f (.text:xdc_runtime_Text_visitRope2__I)
                  00004be0    0000004d     main.obj (.text:main)
                  00004c2d    00000003     --HOLE-- [fill = 0]
                  00004c30    0000004c     TivaC_GPIO_Config.obj (.text:GPIOWrite)
                  00004c7c    0000004c     rtsv7M4_T_le_v4SPD16_eabi.lib : cpy_tbl.obj (.text)
                  00004cc8    0000004c     sysbios.aem4f : BIOS.obj (.text:ti_sysbios_heaps_HeapMem_getStats__E)
                  00004d14    00000004     --HOLE-- [fill = 0]
                  00004d18    0000004c                   : BIOS.obj (.text:ti_sysbios_knl_Swi_runLoop__I)
                  00004d64    00000004     --HOLE-- [fill = 0]
                  00004d68    0000004c                   : BIOS.obj (.text:ti_sysbios_knl_Task_allBlockedFunction__I)
                  00004db4    00000048     driverlib.lib : gpio.obj (.text:GPIOPinConfigure)
                  00004dfc    00000004     --HOLE-- [fill = 0]
                  00004e00    00000048     sysbios.aem4f : BIOS.obj (.text:ti_sysbios_family_arm_m3_Hwi_disableInterrupt__E)
                  00004e48    00000048                   : BIOS.obj (.text:ti_sysbios_family_arm_m3_Hwi_enableInterrupt__E)
                  00004e90    00000048                   : BIOS.obj (.text:ti_sysbios_family_arm_m3_Hwi_excReserved__I)
                  00004ed8    00000046     ti.targets.arm.rtsarm.aem4f : Core-params.oem4f (.text:xdc_runtime_Core_assignParams__I)
                  00004f1e    00000002     --HOLE-- [fill = 0]
                  00004f20    00000044     main.obj (.text:SetSpeed)
                  00004f64    00000044     TivaC_GPIO_Config.obj (.text:UARTIntegerPut)
                  00004fa8    00000044     sysbios.aem4f : BIOS.obj (.text:ti_sysbios_family_arm_lm4_Timer_stop__E)
                  00004fec    00000004     --HOLE-- [fill = 0]
                  00004ff0    00000044                   : BIOS.obj (.text:ti_sysbios_family_arm_m3_Hwi_getStackInfo__E)
                  00005034    00000004     --HOLE-- [fill = 0]
                  00005038    00000044                   : BIOS.obj (.text:ti_sysbios_knl_Swi_post__E)
                  0000507c    00000044     ti.targets.arm.rtsarm.aem4f : Error.oem4f (.text:xdc_runtime_Error_setX__E)
                  000050c0    00000044                                 : SysMin.oem4f (.text:xdc_runtime_SysMin_flush__E)
                  00005104    00000044                                 : Text.oem4f (.text:xdc_runtime_Text_xprintf__I)
                  00005148    00000042     Nokia_5110.obj (.text:LCDInit)
                  0000518a    00000042     driverlib.lib : uart.obj (.text:UARTConfigSetExpClk)
                  000051cc    00000040     Nokia_5110.obj (.text:LCDXY)
                  0000520c    00000040     rtsv7M4_T_le_v4SPD16_eabi.lib : u_divt2.obj (.text)
                  0000524c    00000004     --HOLE-- [fill = 0]
                  00005250    00000040     sysbios.aem4f : BIOS.obj (.text:ti_sysbios_family_arm_lm4_Timer_startup__E)
                  00005290    0000003c     TivaC_GPIO_Config.obj (.text:UARTIntegerGet)
                  000052cc    00000004     --HOLE-- [fill = 0]
                  000052d0    0000003c     sysbios.aem4f : BIOS.obj (.text:ti_sysbios_family_arm_m3_Hwi_excSvCall__I)
                  0000530c    00000004     --HOLE-- [fill = 0]
                  00005310    0000003c                   : BIOS.obj (.text:ti_sysbios_heaps_HeapMem_init__I)
                  0000534c    00000004     --HOLE-- [fill = 0]
                  00005350    0000003c                   : BIOS.obj (.text:ti_sysbios_knl_Swi_restore__E)
                  0000538c    00000038     Nokia_5110.obj (.text:LCDWriteFace)
                  000053c4    00000038     main.obj (.text:MoveBackLeft)
                  000053fc    00000038     main.obj (.text:MoveBackRight)
                  00005434    00000038     main.obj (.text:MoveSlighLeft)
                  0000546c    00000038     main.obj (.text:MoveSlightRight)
                  000054a4    00000038     TivaC_GPIO_Config.obj (.text:UARTSetBaud)
                  000054dc    00000004     --HOLE-- [fill = 0]
                  000054e0    00000038     sysbios.aem4f : BIOS.obj (.text:ti_sysbios_family_arm_m3_Hwi_excNoIsr__I)
                  00005518    00000038                   : BIOS.obj (.text:ti_sysbios_knl_Task_processVitalTaskFlag__I)
                  00005550    00000038     ti.targets.arm.rtsarm.aem4f : SysMin.oem4f (.text:xdc_runtime_SysMin_putch__E)
                  00005588    00000038                                 : System.oem4f (.text:xdc_runtime_System_atexit__E)
                  000055c0    00000036     Nokia_5110.obj (.text:LCDClear)
                  000055f6    00000002     --HOLE-- [fill = 0]
                  000055f8    00000034     driverlib.lib : sysctl.obj (.text:SysCtlPeripheralEnable)
                  0000562c    00000004     --HOLE-- [fill = 0]
                  00005630    00000034     sysbios.aem4f : BIOS.obj (.text:ti_sysbios_family_arm_m3_Hwi_excNmi__I)
                  00005664    00000004     --HOLE-- [fill = 0]
                  00005668    00000034                   : BIOS.obj (.text:ti_sysbios_hal_Hwi_checkStack)
                  0000569c    00000034     ti.targets.arm.rtsarm.aem4f : Core-label.oem4f (.text:xdc_runtime_Core_assignLabel__I)
                  000056d0    00000033                                 : Text.oem4f (.text:xdc_runtime_Text_printVisFxn__I)
                  00005703    00000005     --HOLE-- [fill = 0]
                  00005708    00000032     sysbios.aem4f : BIOS.obj (.text:ti_sysbios_hal_Hwi_initStack)
                  0000573a    00000002     --HOLE-- [fill = 0]
                  0000573c    00000030     main.obj (.text:MoveForward)
                  0000576c    00000030     main.obj (.text:RotateLeft)
                  0000579c    00000030     main.obj (.text:RotateRight)
                  000057cc    00000030     app_pem4f.oem4f (.text:ti_sysbios_BIOS_atExitFunc__I)
                  000057fc    00000004     --HOLE-- [fill = 0]
                  00005800    00000030     sysbios.aem4f : BIOS.obj (.text:ti_sysbios_family_arm_m3_TaskSupport_start__E)
                  00005830    00000030     app_pem4f.oem4f (.text:ti_sysbios_gates_GateHwi_Object__create__S)
                  00005860    00000030     app_pem4f.oem4f (.text:ti_sysbios_gates_GateMutex_Object__create__S)
                  00005890    00000030     app_pem4f.oem4f (.text:ti_sysbios_heaps_HeapMem_Object__create__S)
                  000058c0    00000030     app_pem4f.oem4f (.text:ti_sysbios_knl_Semaphore_construct)
                  000058f0    00000030     sysbios.aem4f : BIOS.obj (.text:ti_sysbios_knl_Semaphore_pendTimeout__I)
                  00005920    00000030                   : BIOS.obj (.text:ti_sysbios_knl_Task_unblockI__E)
                  00005950    00000030     ti.targets.arm.rtsarm.aem4f : SysMin.oem4f (.text:xdc_runtime_SysMin_abort__E)
                  00005980    00000030                                 : System.oem4f (.text:xdc_runtime_System_processAtExit__E)
                  000059b0    0000002c     main.obj (.text:DefaultBluetoothSetup)
                  000059dc    0000002c     main.obj (.text:MoveBackward)
                  00005a08    0000002c     main.obj (.text:MoveLeft)
                  00005a34    0000002c     main.obj (.text:MoveRight)
                  00005a60    0000002c     TivaC_GPIO_Config.obj (.text:UARTEnableInt)
                  00005a8c    0000002c     TivaC_GPIO_Config.obj (.text:UARTGetChar)
                  00005ab8    0000002c     app_pem4f.oem4f (.text:ti_sysbios_knl_Clock_doTick__I)
                  00005ae4    0000002c     app_pem4f.oem4f (.text:ti_sysbios_knl_Queue_construct)
                  00005b10    0000002c     sysbios.aem4f : BIOS.obj (.text:ti_sysbios_knl_Task_restore__E)
                  00005b3c    0000002c     ti.targets.arm.rtsarm.aem4f : Text.oem4f (.text:xdc_runtime_Text_cordText__E)
                  00005b68    0000002a     driverlib.lib : gpio.obj (.text:GPIODirModeSet)
                  00005b92    0000002a     ti.targets.arm.rtsarm.aem4f : System.oem4f (.text:xdc_runtime_System_putchar__I)
                  00005bbc    00000004     --HOLE-- [fill = 0]
                  00005bc0    00000028     sysbios.aem4f : BIOS.obj (.text:ti_sysbios_knl_Swi_Module_startup__E)
                  00005be8    00000026                   : m3_Hwi_asm.obj (.text:ti_sysbios_family_arm_m3_Hwi_pendSV__I)
                  00005c0e    00000026     ti.targets.arm.rtsarm.aem4f : System.oem4f (.text:xdc_runtime_System_avprintf__E)
                  00005c34    00000024     app_pem4f.oem4f (.text:ti_sysbios_BIOS_errorRaiseHook__I)
                  00005c58    00000024     app_pem4f.oem4f (.text:ti_sysbios_BIOS_registerRTSLock__I)
                  00005c7c    00000024     app_pem4f.oem4f (.text:ti_sysbios_BIOS_removeRTSLock__I)
                  00005ca0    00000024     app_pem4f.oem4f (.text:ti_sysbios_BIOS_startFunc__I)
                  00005cc4    00000024     app_pem4f.oem4f (.text:ti_sysbios_gates_GateMutex_Object__delete__S)
                  00005ce8    00000024     sysbios.aem4f : BIOS.obj (.text:ti_sysbios_knl_Clock_Module_startup__E)
                  00005d0c    00000004     --HOLE-- [fill = 0]
                  00005d10    00000024                   : BIOS.obj (.text:ti_sysbios_knl_Task_restoreHwi__E)
                  00005d34    00000024     ti.targets.arm.rtsarm.aem4f : System.oem4f (.text:xdc_runtime_System_vprintf__E)
                  00005d58    00000022     driverlib.lib : pwm.obj (.text:PWMGenConfigure)
                  00005d7a    00000006                   : sysctl.obj (.text:SysCtlDelay)
                  00005d80    00000022     sysbios.aem4f : BIOS.obj (.text:ti_sysbios_family_arm_lm4_Timer_write__I)
                  00005da2    00000022     app_pem4f.oem4f (.text:xdc_runtime_SysMin_output__I)
                  00005dc4    00000020     app_pem4f.oem4f (.text:ti_sysbios_BIOS_rtsLock__I)
                  00005de4    00000020     sysbios.aem4f : m3_Hwi_asm.obj (.text:ti_sysbios_family_arm_m3_Hwi_excHandlerAsm__I)
                  00005e04    00000004     --HOLE-- [fill = 0]
                  00005e08    00000020                   : BIOS.obj (.text:ti_sysbios_family_arm_m3_Hwi_excHandler__I)
                  00005e28    00000020     app_pem4f.oem4f (.text:ti_sysbios_gates_GateHwi_Object__delete__S)
                  00005e48    00000020     app_pem4f.oem4f (.text:ti_sysbios_heaps_HeapMem_Object__delete__S)
                  00005e68    00000020     sysbios.aem4f : BIOS.obj (.text:ti_sysbios_knl_Idle_run__E)
                  00005e88    00000020     app_pem4f.oem4f (.text:ti_sysbios_knl_Semaphore_Object__destruct__S)
                  00005ea8    00000020     ti.targets.arm.rtsarm.aem4f : Registry.oem4f (.text:xdc_runtime_Registry_findById__E)
                  00005ec8    00000020                                 : SysMin.oem4f (.text:xdc_runtime_SysMin_Module_startup__E)
                  00005ee8    0000001e     driverlib.lib : pwm.obj (.text:PWMPulseWidthSet)
                  00005f06    0000001e     sysbios.aem4f : m3_Hwi_asm_switch.obj (.text:ti_sysbios_family_xxx_Hwi_switchAndRunFunc)
                  00005f24    0000001c     driverlib.lib : uart.obj (.text:UARTDisable)
                  00005f40    0000001c     sysbios.aem4f : BIOS.obj (.text:ti_sysbios_gates_GateMutex_Instance_init__E)
                  00005f5c    0000001c     app_pem4f.oem4f (.text:ti_sysbios_knl_Queue_Object__destruct__S)
                  00005f78    0000001c     sysbios.aem4f : BIOS.obj (.text:ti_sysbios_knl_Task_enter__I)
                  00005f94    0000001c     ti.targets.arm.rtsarm.aem4f : Error.oem4f (.text:xdc_runtime_Error_raiseX__E)
                  00005fb0    0000001c                                 : Memory.oem4f (.text:xdc_runtime_Memory_valloc__E)
                  00005fcc    0000001c                                 : SysMin.oem4f (.text:xdc_runtime_SysMin_exit__E)
                  00005fe8    0000001c                                 : System.oem4f (.text:xdc_runtime_System_abort__E)
                  00006004    0000001a     app_pem4f.oem4f (.text:ti_sysbios_family_arm_m3_Hwi_Handle__label__S)
                  0000601e    0000001a     app_pem4f.oem4f (.text:ti_sysbios_gates_GateHwi_Handle__label__S)
                  00006038    0000001a     app_pem4f.oem4f (.text:ti_sysbios_gates_GateMutex_Handle__label__S)
                  00006052    0000001a     app_pem4f.oem4f (.text:ti_sysbios_heaps_HeapMem_Handle__label__S)
                  0000606c    0000001a     app_pem4f.oem4f (.text:ti_sysbios_knl_Swi_Handle__label__S)
                  00006086    0000001a     app_pem4f.oem4f (.text:ti_sysbios_knl_Task_Handle__label__S)
                  000060a0    0000001a     app_pem4f.oem4f (.text:xdc_runtime_System_aprintf__E)
                  000060ba    0000001a     app_pem4f.oem4f (.text:xdc_runtime_System_printf__E)
                  000060d4    00000018     driverlib.lib : gpio.obj (.text:GPIOPinTypeGPIOOutput)
                  000060ec    00000018     rtsv7M4_T_le_v4SPD16_eabi.lib : args_main.obj (.text)
                  00006104    00000018     app_pem4f.oem4f (.text:ti_sysbios_BIOS_rtsUnlock__I)
                  0000611c    00000018     app_pem4f.oem4f (.text:ti_sysbios_family_arm_lm4_Timer_Module__startupDone__F)
                  00006134    00000018     app_pem4f.oem4f (.text:ti_sysbios_family_arm_m3_Hwi_Module__startupDone__F)
                  0000614c    00000018     sysbios.aem4f : m3_TaskSupport_asm.obj (.text:ti_sysbios_family_arm_m3_TaskSupport_swap__E)
                  00006164    00000004     --HOLE-- [fill = 0]
                  00006168    00000018                   : BIOS.obj (.text:ti_sysbios_gates_GateMutex_leave__E)
                  00006180    00000018     ti.targets.arm.rtsarm.aem4f : Error.oem4f (.text:xdc_runtime_Error_check__E)
                  00006198    00000018                                 : System.oem4f (.text:xdc_runtime_System_exit__E)
                  000061b0    00000018                                 : Text.oem4f (.text:xdc_runtime_Text_ropeText__E)
                  000061c8    00000016     app_pem4f.oem4f (.text:ti_sysbios_BIOS_exitFunc__I)
                  000061de    00000002     --HOLE-- [fill = 0]
                  000061e0    00000014     driverlib.lib : sysctl.obj (.text:SysCtlPWMClockSet)
                  000061f4    00000014                   : uart.obj (.text:UARTEnable)
                  00006208    00000014     rtsv7M4_T_le_v4SPD16_eabi.lib : _lock.obj (.text)
                  0000621c    00000014                                   : strcpy.obj (.text)
                  00006230    00000014                                   : strlen.obj (.text)
                  00006244    00000014     app_pem4f.oem4f (.text:ti_sysbios_family_arm_m3_Hwi_Object__get__S)
                  00006258    00000014     sysbios.aem4f : BIOS.obj (.text:ti_sysbios_family_arm_m3_Hwi_switchFromBootStack__E)
                  0000626c    00000014     app_pem4f.oem4f (.text:ti_sysbios_heaps_HeapMem_Object__get__S)
                  00006280    00000014     app_pem4f.oem4f (.text:ti_sysbios_knl_Swi_Object__get__S)
                  00006294    00000012     driverlib.lib : gpio.obj (.text:GPIOPinTypeADC)
                  000062a6    00000012                   : gpio.obj (.text:GPIOPinTypeGPIOInput)
                  000062b8    00000012                   : gpio.obj (.text:GPIOPinTypePWM)
                  000062ca    00000012                   : gpio.obj (.text:GPIOPinTypeUART)
                  000062dc    00000012                   : pwm.obj (.text:PWMOutputState)
                  000062ee    00000002     --HOLE-- [fill = 0]
                  000062f0    00000012     sysbios.aem4f : BIOS.obj (.text:ti_sysbios_hal_Hwi_Module_startup__E)
                  00006302    00000006     Boot.aem4f : Boot_sysctl.oem4f (.text:ti_catalog_arm_cortexm4_tiva_ce_Boot_sysCtlDelayI__I)
                  00006308    00000012     sysbios.aem4f : BIOS.obj (.text:ti_sysbios_hal_Timer_Module_startup__E)
                  0000631a    00000012     app_pem4f.oem4f (.text:xdc_runtime_Startup_exec__I)
                  0000632c    00000010     driverlib.lib : pwm.obj (.text:PWMGenPeriodSet)
                  0000633c    00000010     main.obj (.text:StartMoving)
                  0000634c    00000010     main.obj (.text:StopMoving)
                  0000635c    00000004     --HOLE-- [fill = 0]
                  00006360    00000010     sysbios.aem4f : BIOS.obj (.text:ti_sysbios_BIOS_setThreadType__E)
                  00006370    00000010                   : BIOS.obj (.text:ti_sysbios_BIOS_start__E)
                  00006380    00000010                   : m3_TaskSupport_asm.obj (.text:ti_sysbios_family_arm_m3_TaskSupport_glue)
                  00006390    00000010                   : BIOS.obj (.text:ti_sysbios_gates_GateMutex_Instance_finalize__E)
                  000063a0    00000010                   : BIOS.obj (.text:ti_sysbios_knl_Semaphore_Instance_finalize__E)
                  000063b0    00000010                   : BIOS.obj (.text:ti_sysbios_knl_Swi_disable__E)
                  000063c0    00000010     app_pem4f.oem4f (.text:ti_sysbios_knl_Task_Object__get__S)
                  000063d0    00000010     sysbios.aem4f : BIOS.obj (.text:ti_sysbios_knl_Task_disable__E)
                  000063e0    00000010     ti.targets.arm.rtsarm.aem4f : Gate.oem4f (.text:xdc_runtime_Gate_leaveSystem__E)
                  000063f0    00000010                                 : Memory.oem4f (.text:xdc_runtime_Memory_free__E)
                  00006400    00000010                                 : SysMin.oem4f (.text:xdc_runtime_SysMin_ready__E)
                  00006410    00000010                                 : System.oem4f (.text:xdc_runtime_System_vsnprintf__E)
                  00006420    00000010     app_pem4f.oem4f (.text:xdc_runtime_Text_visitRope__I)
                  00006430    0000000e     rtsv7M4_T_le_v4SPD16_eabi.lib : copy_decompress_none.obj (.text:decompress:none)
                  0000643e    00000002     --HOLE-- [fill = 0]
                  00006440    0000000e     sysbios.aem4f : BIOS.obj (.text:ti_sysbios_knl_Idle_loop__E)
                  0000644e    00000002     --HOLE-- [fill = 0]
                  00006450    0000000e                   : BIOS.obj (.text:ti_sysbios_knl_Queue_empty__E)
                  0000645e    00000002     --HOLE-- [fill = 0]
                  00006460    0000000c     app_pem4f.oem4f (.text:.bootCodeSection:ti_catalog_arm_cortexm4_tiva_ce_Boot_init__I)
                  0000646c    0000000c     Nokia_5110.obj (.text:LCD_LED_OFF)
                  00006478    0000000c     Nokia_5110.obj (.text:LCD_LED_ON)
                  00006484    0000000c     driverlib.lib : pwm.obj (.text:PWMGenEnable)
                  00006490    0000000c                   : uart.obj (.text:UARTCharsAvail)
                  0000649c    0000000c     rtsv7M4_T_le_v4SPD16_eabi.lib : copy_zero_init.obj (.text:decompress:ZI)
                  000064a8    0000000c     sysbios.aem4f : BIOS.obj (.text:ti_sysbios_family_arm_lm4_Timer_getMaxTicks__E)
                  000064b4    00000004     --HOLE-- [fill = 0]
                  000064b8    0000000c                   : BIOS.obj (.text:ti_sysbios_family_arm_m3_TaskSupport_checkStack__E)
                  000064c4    00000004     --HOLE-- [fill = 0]
                  000064c8    0000000c                   : BIOS.obj (.text:ti_sysbios_gates_GateHwi_enter__E)
                  000064d4    0000000c     app_pem4f.oem4f (.text:ti_sysbios_knl_Queue_Object__get__S)
                  000064e0    0000000c     ti.targets.arm.rtsarm.aem4f : Error.oem4f (.text:xdc_runtime_Error_init__E)
                  000064ec    0000000c                                 : Gate.oem4f (.text:xdc_runtime_Gate_enterSystem__E)
                  000064f8    0000000c                                 : Memory.oem4f (.text:xdc_runtime_Memory_calloc__E)
                  00006504    0000000c                                 : Memory.oem4f (.text:xdc_runtime_Memory_getMaxDefaultTypeAlign__E)
                  00006510    0000000a     driverlib.lib : uart.obj (.text:UARTCharGet)
                  0000651a    0000000a                   : uart.obj (.text:UARTCharPut)
                  00006524    0000000a     app_pem4f.oem4f (.text:xdc_runtime_IHeap_alloc)
                  0000652e    0000000a     app_pem4f.oem4f (.text:xdc_runtime_IHeap_free)
                  00006538    00000008     driverlib.lib : uart.obj (.text:UARTIntEnable)
                  00006540    00000008     sysbios.aem4f : BIOS.obj (.text:ti_sysbios_family_arm_lm4_Timer_masterDisable__I)
                  00006548    00000008                   : BIOS.obj (.text:ti_sysbios_family_arm_m3_Hwi_doSwiRestore__I)
                  00006550    00000008                   : BIOS.obj (.text:ti_sysbios_family_arm_m3_Hwi_startup__E)
                  00006558    00000006                   : BIOS.obj (.text:ti_sysbios_family_arm_m3_Hwi_doTaskRestore__I)
                  0000655e    00000002     --HOLE-- [fill = 0]
                  00006560    00000006                   : BIOS.obj (.text:ti_sysbios_gates_GateHwi_leave__E)
                  00006566    00000002     --HOLE-- [fill = 0]
                  00006568    00000006                   : BIOS.obj (.text:ti_sysbios_hal_Timer_start__E)
                  0000656e    00000002     --HOLE-- [fill = 0]
                  00006570    00000006                   : BIOS.obj (.text:ti_sysbios_heaps_HeapMem_isBlocking__E)
                  00006576    00000002     --HOLE-- [fill = 0]
                  00006578    00000006                   : BIOS.obj (.text:ti_sysbios_knl_Queue_Instance_init__E)
                  0000657e    00000002     --HOLE-- [fill = 0]
                  00006580    00000006                   : BIOS.obj (.text:ti_sysbios_knl_Swi_startup__E)
                  00006586    00000006     ti.targets.arm.rtsarm.aem4f : System.oem4f (.text:xdc_runtime_System_Module_startup__E)
                  0000658c    00000004     --HOLE-- [fill = 0]
                  00006590    00000004     sysbios.aem4f : BIOS.obj (.text:ti_sysbios_gates_GateHwi_query__E)
                  00006594    00000004     --HOLE-- [fill = 0]
                  00006598    00000004                   : BIOS.obj (.text:ti_sysbios_gates_GateMutex_query__E)
                  0000659c    00000004     --HOLE-- [fill = 0]
                  000065a0    00000004                   : BIOS.obj (.text:ti_sysbios_knl_Task_startup__E)
                  000065a4    00000004     --HOLE-- [fill = 0]
                  000065a8    00000002                   : BIOS.obj (.text:ti_sysbios_gates_GateHwi_Instance_init__E)
                  000065aa    00000006     --HOLE-- [fill = 0]
                  000065b0    00000002                   : BIOS.obj (.text:ti_sysbios_knl_Clock_logTick__E)

.const     0    000065b4    0000203e     
                  000065b4    00001887     app_pem4f.oem4f (.const:xdc_runtime_Text_charTab__A)
                  00007e3b    000001f8     Nokia_5110.obj (.const:.string:Face)
                  00008033    00000001     app_pem4f.oem4f (.const:xdc_runtime_Error_policy__C)
                  00008034    000000c0     app_pem4f.oem4f (.const:xdc_runtime_Text_nodeTab__A)
                  000080f4    00000090     driverlib.lib : gpio.obj (.const:g_pui32GPIOBaseAddrs)
                  00008184    0000006c                   : sysctl.obj (.const:g_pui32Xtals)
                  000081f0    00000048     app_pem4f.oem4f (.const:.string)
                  00008238    00000028     app_pem4f.oem4f (.const:ti_sysbios_heaps_HeapMem_Module__FXNS__C)
                  00008260    00000024     app_pem4f.oem4f (.const:ti_sysbios_gates_GateHwi_Module__FXNS__C)
                  00008284    00000024     app_pem4f.oem4f (.const:ti_sysbios_gates_GateMutex_Module__FXNS__C)
                  000082a8    00000024     app_pem4f.oem4f (.const:ti_sysbios_heaps_HeapMem_Object__PARAMS__C)
                  000082cc    00000024     app_pem4f.oem4f (.const:ti_sysbios_knl_Semaphore_Object__PARAMS__C)
                  000082f0    00000024     app_pem4f.oem4f (.const:xdc_runtime_Startup_sfxnTab__A)
                  00008314    00000020     app_pem4f.oem4f (.const:ti_sysbios_gates_GateHwi_Object__DESC__C)
                  00008334    00000020     app_pem4f.oem4f (.const:ti_sysbios_gates_GateMutex_Object__DESC__C)
                  00008354    00000020     app_pem4f.oem4f (.const:ti_sysbios_heaps_HeapMem_Object__DESC__C)
                  00008374    00000020     app_pem4f.oem4f (.const:ti_sysbios_knl_Queue_Object__DESC__C)
                  00008394    00000020     app_pem4f.oem4f (.const:ti_sysbios_knl_Semaphore_Object__DESC__C)
                  000083b4    00000018     app_pem4f.oem4f (.const:ti_sysbios_gates_GateHwi_Object__PARAMS__C)
                  000083cc    00000018     app_pem4f.oem4f (.const:ti_sysbios_gates_GateMutex_Object__PARAMS__C)
                  000083e4    00000018     app_pem4f.oem4f (.const:ti_sysbios_knl_Queue_Object__PARAMS__C)
                  000083fc    00000014     app_pem4f.oem4f (.const:xdc_runtime_Startup_firstFxns__A)
                  00008410    00000012     app_pem4f.oem4f (.const:xdc_runtime_Startup_sfxnRts__A)
                  00008422    00000002     app_pem4f.oem4f (.const:ti_catalog_arm_cortexm4_tiva_ce_Boot_Module__id__C)
                  00008424    0000000c     app_pem4f.oem4f (.const)
                  00008430    0000000b     TivaC_GPIO_Config.obj (.const:.string:$P$T0$1)
                  0000843b    00000008     Nokia_5110.obj (.const:.string:LCDMaskBytes)
                  00008443    00000001     --HOLE-- [fill = 0]
                  00008444    00000008     app_pem4f.oem4f (.const:ti_sysbios_family_arm_m3_Hwi_excHookFuncs__A)
                  0000844c    00000008     app_pem4f.oem4f (.const:ti_sysbios_knl_Idle_funcList__C)
                  00008454    00000008     app_pem4f.oem4f (.const:xdc_runtime_Startup_firstFxns__C)
                  0000845c    00000008     app_pem4f.oem4f (.const:xdc_runtime_Startup_lastFxns__C)
                  00008464    00000004     app_pem4f.oem4f (.const:ti_catalog_arm_cortexm4_tiva_ce_Boot_A_mustUseEnhancedClockMode__C)
                  00008468    00000004     app_pem4f.oem4f (.const:ti_catalog_arm_cortexm4_tiva_ce_Boot_Module__diagsEnabled__C)
                  0000846c    00000004     app_pem4f.oem4f (.const:ti_catalog_arm_cortexm4_tiva_ce_Boot_Module__diagsIncluded__C)
                  00008470    00000004     app_pem4f.oem4f (.const:ti_catalog_arm_cortexm4_tiva_ce_Boot_Module__diagsMask__C)
                  00008474    00000004     app_pem4f.oem4f (.const:ti_sysbios_family_arm_lm4_Timer_enableFunc__C)
                  00008478    00000004     app_pem4f.oem4f (.const:ti_sysbios_family_arm_lm4_Timer_numTimerDevices__C)
                  0000847c    00000004     app_pem4f.oem4f (.const:ti_sysbios_family_arm_lm4_Timer_startupNeeded__C)
                  00008480    00000004     app_pem4f.oem4f (.const:ti_sysbios_family_arm_m3_Hwi_E_NMI__C)
                  00008484    00000004     app_pem4f.oem4f (.const:ti_sysbios_family_arm_m3_Hwi_E_busFault__C)
                  00008488    00000004     app_pem4f.oem4f (.const:ti_sysbios_family_arm_m3_Hwi_E_debugMon__C)
                  0000848c    00000004     app_pem4f.oem4f (.const:ti_sysbios_family_arm_m3_Hwi_E_hardFault__C)
                  00008490    00000004     app_pem4f.oem4f (.const:ti_sysbios_family_arm_m3_Hwi_E_memFault__C)
                  00008494    00000004     app_pem4f.oem4f (.const:ti_sysbios_family_arm_m3_Hwi_E_noIsr__C)
                  00008498    00000004     app_pem4f.oem4f (.const:ti_sysbios_family_arm_m3_Hwi_E_reserved__C)
                  0000849c    00000004     app_pem4f.oem4f (.const:ti_sysbios_family_arm_m3_Hwi_E_svCall__C)
                  000084a0    00000004     app_pem4f.oem4f (.const:ti_sysbios_family_arm_m3_Hwi_E_usageFault__C)
                  000084a4    00000004     app_pem4f.oem4f (.const:ti_sysbios_family_arm_m3_Hwi_NUM_INTERRUPTS__C)
                  000084a8    00000004     app_pem4f.oem4f (.const:ti_sysbios_family_arm_m3_Hwi_Object__count__C)
                  000084ac    00000004     app_pem4f.oem4f (.const:ti_sysbios_family_arm_m3_Hwi_ccr__C)
                  000084b0    00000004     app_pem4f.oem4f (.const:ti_sysbios_family_arm_m3_Hwi_excHandlerFunc__C)
                  000084b4    00000004     app_pem4f.oem4f (.const:ti_sysbios_family_arm_m3_Hwi_excHookFuncs__C)
                  000084b8    00000004     app_pem4f.oem4f (.const:ti_sysbios_family_arm_m3_Hwi_nullIsrFunc__C)
                  000084bc    00000004     app_pem4f.oem4f (.const:ti_sysbios_family_arm_m3_Hwi_priGroup__C)
                  000084c0    00000004     app_pem4f.oem4f (.const:ti_sysbios_gates_GateMutex_A_badContext__C)
                  000084c4    00000004     app_pem4f.oem4f (.const:ti_sysbios_gates_GateMutex_Instance_State_sem__O)
                  000084c8    00000004     app_pem4f.oem4f (.const:ti_sysbios_gates_GateMutex_Module__diagsEnabled__C)
                  000084cc    00000004     app_pem4f.oem4f (.const:ti_sysbios_gates_GateMutex_Module__diagsIncluded__C)
                  000084d0    00000004     app_pem4f.oem4f (.const:ti_sysbios_gates_GateMutex_Module__diagsMask__C)
                  000084d4    00000004     app_pem4f.oem4f (.const:ti_sysbios_hal_Hwi_E_stackOverflow__C)
                  000084d8    00000004     app_pem4f.oem4f (.const:ti_sysbios_heaps_HeapMem_A_align__C)
                  000084dc    00000004     app_pem4f.oem4f (.const:ti_sysbios_heaps_HeapMem_A_heapSize__C)
                  000084e0    00000004     app_pem4f.oem4f (.const:ti_sysbios_heaps_HeapMem_A_invalidFree__C)
                  000084e4    00000004     app_pem4f.oem4f (.const:ti_sysbios_heaps_HeapMem_A_zeroBlock__C)
                  000084e8    00000004     app_pem4f.oem4f (.const:ti_sysbios_heaps_HeapMem_E_memory__C)
                  000084ec    00000004     app_pem4f.oem4f (.const:ti_sysbios_heaps_HeapMem_Module__diagsEnabled__C)
                  000084f0    00000004     app_pem4f.oem4f (.const:ti_sysbios_heaps_HeapMem_Module__diagsIncluded__C)
                  000084f4    00000004     app_pem4f.oem4f (.const:ti_sysbios_heaps_HeapMem_Module__diagsMask__C)
                  000084f8    00000004     app_pem4f.oem4f (.const:ti_sysbios_heaps_HeapMem_Module__gateObj__C)
                  000084fc    00000004     app_pem4f.oem4f (.const:ti_sysbios_heaps_HeapMem_Object__count__C)
                  00008500    00000004     app_pem4f.oem4f (.const:ti_sysbios_heaps_HeapMem_reqAlign__C)
                  00008504    00000004     app_pem4f.oem4f (.const:ti_sysbios_knl_Clock_Module_State_clockQ__O)
                  00008508    00000004     app_pem4f.oem4f (.const:ti_sysbios_knl_Idle_funcList__A)
                  0000850c    00000004     app_pem4f.oem4f (.const:ti_sysbios_knl_Semaphore_A_badContext__C)
                  00008510    00000004     app_pem4f.oem4f (.const:ti_sysbios_knl_Semaphore_A_noEvents__C)
                  00008514    00000004     app_pem4f.oem4f (.const:ti_sysbios_knl_Semaphore_A_overflow__C)
                  00008518    00000004     app_pem4f.oem4f (.const:ti_sysbios_knl_Semaphore_A_pendTaskDisabled__C)
                  0000851c    00000004     app_pem4f.oem4f (.const:ti_sysbios_knl_Semaphore_Instance_State_pendQ__O)
                  00008520    00000004     app_pem4f.oem4f (.const:ti_sysbios_knl_Semaphore_Module__diagsEnabled__C)
                  00008524    00000004     app_pem4f.oem4f (.const:ti_sysbios_knl_Semaphore_Module__diagsIncluded__C)
                  00008528    00000004     app_pem4f.oem4f (.const:ti_sysbios_knl_Semaphore_Module__diagsMask__C)
                  0000852c    00000004     app_pem4f.oem4f (.const:ti_sysbios_knl_Swi_Object__count__C)
                  00008530    00000004     app_pem4f.oem4f (.const:ti_sysbios_knl_Task_E_spOutOfBounds__C)
                  00008534    00000004     app_pem4f.oem4f (.const:ti_sysbios_knl_Task_E_stackOverflow__C)
                  00008538    00000004     app_pem4f.oem4f (.const:ti_sysbios_knl_Task_Module_State_inactiveQ__O)
                  0000853c    00000004     app_pem4f.oem4f (.const:ti_sysbios_knl_Task_Object__count__C)
                  00008540    00000004     app_pem4f.oem4f (.const:ti_sysbios_knl_Task_allBlockedFunc__C)
                  00008544    00000004     app_pem4f.oem4f (.const:ti_sysbios_knl_Task_numConstructedTasks__C)
                  00008548    00000004     app_pem4f.oem4f (.const:xdc_runtime_Assert_E_assertFailed__C)
                  0000854c    00000004     app_pem4f.oem4f (.const:xdc_runtime_Core_A_initializedParams__C)
                  00008550    00000004     app_pem4f.oem4f (.const:xdc_runtime_Core_Module__diagsEnabled__C)
                  00008554    00000004     app_pem4f.oem4f (.const:xdc_runtime_Core_Module__diagsIncluded__C)
                  00008558    00000004     app_pem4f.oem4f (.const:xdc_runtime_Core_Module__diagsMask__C)
                  0000855c    00000004     app_pem4f.oem4f (.const:xdc_runtime_Error_E_memory__C)
                  00008560    00000004     app_pem4f.oem4f (.const:xdc_runtime_Error_Module__diagsEnabled__C)
                  00008564    00000004     app_pem4f.oem4f (.const:xdc_runtime_Error_Module__diagsIncluded__C)
                  00008568    00000004     app_pem4f.oem4f (.const:xdc_runtime_Error_Module__diagsMask__C)
                  0000856c    00000004     app_pem4f.oem4f (.const:xdc_runtime_Error_Module__loggerFxn8__C)
                  00008570    00000004     app_pem4f.oem4f (.const:xdc_runtime_Error_Module__loggerObj__C)
                  00008574    00000004     app_pem4f.oem4f (.const:xdc_runtime_Error_policyFxn__C)
                  00008578    00000004     app_pem4f.oem4f (.const:xdc_runtime_Error_raiseHook__C)
                  0000857c    00000004     app_pem4f.oem4f (.const:xdc_runtime_IGateProvider_Interface__BASE__C)
                  00008580    00000004     app_pem4f.oem4f (.const:xdc_runtime_IHeap_Interface__BASE__C)
                  00008584    00000004     app_pem4f.oem4f (.const:xdc_runtime_IModule_Interface__BASE__C)
                  00008588    00000004     app_pem4f.oem4f (.const:xdc_runtime_Log_L_error__C)
                  0000858c    00000004     app_pem4f.oem4f (.const:xdc_runtime_Memory_defaultHeapInstance__C)
                  00008590    00000004     app_pem4f.oem4f (.const:xdc_runtime_Startup_execImpl__C)
                  00008594    00000004     app_pem4f.oem4f (.const:xdc_runtime_Startup_maxPasses__C)
                  00008598    00000004     app_pem4f.oem4f (.const:xdc_runtime_Startup_sfxnRts__C)
                  0000859c    00000004     app_pem4f.oem4f (.const:xdc_runtime_Startup_sfxnTab__C)
                  000085a0    00000004     app_pem4f.oem4f (.const:xdc_runtime_SysMin_bufSize__C)
                  000085a4    00000004     app_pem4f.oem4f (.const:xdc_runtime_SysMin_outputFunc__C)
                  000085a8    00000004     app_pem4f.oem4f (.const:xdc_runtime_System_Module__gateObj__C)
                  000085ac    00000004     app_pem4f.oem4f (.const:xdc_runtime_System_abortFxn__C)
                  000085b0    00000004     app_pem4f.oem4f (.const:xdc_runtime_System_exitFxn__C)
                  000085b4    00000004     app_pem4f.oem4f (.const:xdc_runtime_System_extendFxn__C)
                  000085b8    00000004     app_pem4f.oem4f (.const:xdc_runtime_System_maxAtexitHandlers__C)
                  000085bc    00000004     app_pem4f.oem4f (.const:xdc_runtime_Text_charTab__C)
                  000085c0    00000004     app_pem4f.oem4f (.const:xdc_runtime_Text_nameEmpty__C)
                  000085c4    00000004     app_pem4f.oem4f (.const:xdc_runtime_Text_nameStatic__C)
                  000085c8    00000004     app_pem4f.oem4f (.const:xdc_runtime_Text_nameUnknown__C)
                  000085cc    00000004     app_pem4f.oem4f (.const:xdc_runtime_Text_nodeTab__C)
                  000085d0    00000004     app_pem4f.oem4f (.const:xdc_runtime_Text_visitRopeFxn__C)
                  000085d4    00000002     app_pem4f.oem4f (.const:ti_sysbios_family_arm_m3_Hwi_Module__id__C)
                  000085d6    00000002     app_pem4f.oem4f (.const:ti_sysbios_gates_GateMutex_Module__id__C)
                  000085d8    00000002     app_pem4f.oem4f (.const:ti_sysbios_hal_Hwi_Module__id__C)
                  000085da    00000002     app_pem4f.oem4f (.const:ti_sysbios_heaps_HeapMem_Module__id__C)
                  000085dc    00000002     app_pem4f.oem4f (.const:ti_sysbios_knl_Semaphore_Module__id__C)
                  000085de    00000002     app_pem4f.oem4f (.const:ti_sysbios_knl_Task_Module__id__C)
                  000085e0    00000002     app_pem4f.oem4f (.const:xdc_runtime_Core_Module__id__C)
                  000085e2    00000002     app_pem4f.oem4f (.const:xdc_runtime_Error_Module__loggerDefined__C)
                  000085e4    00000002     app_pem4f.oem4f (.const:xdc_runtime_Error_maxDepth__C)
                  000085e6    00000002     app_pem4f.oem4f (.const:xdc_runtime_Memory_Module__id__C)
                  000085e8    00000002     app_pem4f.oem4f (.const:xdc_runtime_SysMin_flushAtExit__C)
                  000085ea    00000002     app_pem4f.oem4f (.const:xdc_runtime_Text_charCnt__C)
                  000085ec    00000002     app_pem4f.oem4f (.const:xdc_runtime_Text_isLoaded__C)
                  000085ee    00000002     app_pem4f.oem4f (.const:xdc_runtime_Text_registryModsLastId__C)
                  000085f0    00000002     app_pem4f.oem4f (.const:xdc_runtime_Text_unnamedModsLastId__C)

.cinit     0    000085f8    00000228     
                  000085f8    000001f3     (.cinit..data.load) [load image, compression = lzss]
                  000087eb    00000001     --HOLE-- [fill = 0]
                  000087ec    0000000c     (__TI_handler_table)
                  000087f8    00000008     (.cinit..bss.load) [load image, compression = zero_init]
                  00008800    00000008     (.cinit..vecs.load) [load image, compression = zero_init]
                  00008808    00000018     (__TI_cinit_table)

.init_array 
*          0    00000000    00000000     UNINITIALIZED

.resetVecs 
*          0    00000000    0000003c     
                  00000000    0000003c     app_pem4f.oem4f (.resetVecs)

.vecs      0    20000000    00000360     UNINITIALIZED
                  20000000    00000360     app_pem4f.oem4f (.vecs)

.bss       0    20000360    00000d4b     UNINITIALIZED
                  20000360    00000400     app_pem4f.oem4f (.bss:taskStackSection)
                  20000760    00000400     (.common:ti_sysbios_heaps_HeapMem_Instance_State_0_buf__A)
                  20000b60    00000360     (.common:ti_sysbios_family_arm_m3_Hwi_dispatchTable)
                  20000ec0    00000120     rtsv7M4_T_le_v4SPD16_eabi.lib : trgmsg.obj (.bss:_CIOBUF_)
                  20000fe0    00000080     (.common:xdc_runtime_SysMin_Module_State_0_outbuf__A)
                  20001060    00000014     (.common:StringBuff)
                  20001074    00000008                                   : trgdrv.obj (.bss:parmbuf)
                  2000107c    00000004     (.common:PWMui32Base)
                  20001080    00000004     (.common:PWMui32Gen)
                  20001084    00000004     (.common:PWMui32Peripheral)
                  20001088    00000004     (.common:PWMui32PinConfig)
                  2000108c    00000004     (.common:UARTui32Base)
                  20001090    00000004     (.common:UARTui32Peripheral)
                  20001094    00000004     (.common:UARTui32PinConfig)
                  20001098    00000004     (.common:ui32PWMOut)
                  2000109c    00000004     (.common:ui32PWMOutBits)
                  200010a0    00000004     (.common:ui32Peripheral)
                  200010a4    00000004     (.common:ui32Port)
                  200010a8    00000001     main.obj (.bss)
                  200010a9    00000001     (.common:CharBuff)
                  200010aa    00000001     (.common:ui8Pins)

.data      0    200010ac    000004b2     UNINITIALIZED
                  200010ac    00000098     app_pem4f.oem4f (.data:ti_sysbios_knl_Task_Object__table__V)
                  20001144    00000080     app_pem4f.oem4f (.data:ti_sysbios_family_arm_lm4_Timer_Object__table__V)
                  200011c4    00000080     app_pem4f.oem4f (.data:ti_sysbios_knl_Swi_Module_State_0_readyQ__A)
                  20001244    00000080     app_pem4f.oem4f (.data:ti_sysbios_knl_Task_Module_State_0_readyQ__A)
                  200012c4    00000044     app_pem4f.oem4f (.data:ti_sysbios_knl_Task_Module__state__V)
                  20001308    00000038     app_pem4f.oem4f (.data:ti_sysbios_gates_GateMutex_Object__table__V)
                  20001340    00000034     app_pem4f.oem4f (.data:ti_sysbios_family_arm_m3_Hwi_Module__state__V)
                  20001374    00000030     app_pem4f.oem4f (.data:ti_sysbios_family_arm_lm4_Timer_Module_State_0_device__A)
                  200013a4    00000030     app_pem4f.oem4f (.data:ti_sysbios_family_arm_m3_Hwi_Object__table__V)
                  200013d4    00000030     app_pem4f.oem4f (.data:ti_sysbios_knl_Swi_Object__table__V)
                  20001404    0000002c     app_pem4f.oem4f (.data:ti_sysbios_knl_Clock_Module__state__V)
                  20001430    00000024     app_pem4f.oem4f (.data:ti_sysbios_BIOS_Module__state__V)
                  20001454    0000001c     app_pem4f.oem4f (.data:ti_sysbios_knl_Swi_Module__state__V)
                  20001470    00000018     app_pem4f.oem4f (.data:ti_sysbios_family_arm_lm4_Timer_Module_State_0_handles__A)
                  20001488    00000018     app_pem4f.oem4f (.data:ti_sysbios_heaps_HeapMem_Object__table__V)
                  200014a0    00000014     app_pem4f.oem4f (.data:ti_sysbios_knl_Semaphore_Object__table__V)
                  200014b4    0000000c     rtsv7M4_T_le_v4SPD16_eabi.lib : exit.obj (.data:$O1$$)
                  200014c0    0000000c     app_pem4f.oem4f (.data:ti_sysbios_family_arm_lm4_Timer_Module__state__V)
                  200014cc    0000000c     app_pem4f.oem4f (.data:xdc_runtime_SysMin_Module__state__V)
                  200014d8    0000000a     main.obj (.data)
                  200014e2    00000002     app_pem4f.oem4f (.data:ti_sysbios_family_arm_m3_Hwi_Module_State_0_excActive__A)
                  200014e4    00000008     rtsv7M4_T_le_v4SPD16_eabi.lib : _lock.obj (.data:$O1$$)
                  200014ec    00000008     app_pem4f.oem4f (.data:ti_sysbios_gates_GateHwi_Module__root__V)
                  200014f4    00000008     app_pem4f.oem4f (.data:ti_sysbios_gates_GateMutex_Module__root__V)
                  200014fc    00000008     app_pem4f.oem4f (.data:ti_sysbios_hal_Timer_Object__table__V)
                  20001504    00000008     app_pem4f.oem4f (.data:ti_sysbios_heaps_HeapMem_Module__root__V)
                  2000150c    00000008     app_pem4f.oem4f (.data:ti_sysbios_knl_Queue_Module__root__V)
                  20001514    00000008     app_pem4f.oem4f (.data:ti_sysbios_knl_Semaphore_Module__root__V)
                  2000151c    00000008     app_pem4f.oem4f (.data:xdc_runtime_Registry_Module__state__V)
                  20001524    00000008     app_pem4f.oem4f (.data:xdc_runtime_Startup_Module__state__V)
                  2000152c    00000008     app_pem4f.oem4f (.data:xdc_runtime_System_Module_State_0_atexitHandlers__A)
                  20001534    00000008     app_pem4f.oem4f (.data:xdc_runtime_System_Module__state__V)
                  2000153c    00000005     TivaC_GPIO_Config.obj (.data)
                  20001541    00000003     Nokia_5110.obj (.data)
                  20001544    00000004     rtsv7M4_T_le_v4SPD16_eabi.lib : stkdepth_vars.obj (.data)
                  20001548    00000004     app_pem4f.oem4f (.data:ti_sysbios_family_arm_m3_Hwi_Module_State_0_excContext__A)
                  2000154c    00000004     app_pem4f.oem4f (.data:ti_sysbios_family_arm_m3_Hwi_Module_State_0_excStack__A)
                  20001550    00000004     app_pem4f.oem4f (.data:ti_sysbios_gates_GateHwi_Object__table__V)
                  20001554    00000004     app_pem4f.oem4f (.data:ti_sysbios_knl_Task_Module_State_0_idleTask__A)
                  20001558    00000004     app_pem4f.oem4f (.data:xdc_runtime_Memory_Module__state__V)
                  2000155c    00000002     app_pem4f.oem4f (.data:xdc_runtime_Error_Module__state__V)

.stack     0    20001560    00000300     UNINITIALIZED
                  20001560    00000300     --HOLE--

.bootVecs 
*          0    00000000    00000008     DSECT
                  00000000    00000008     boot.aem4f : boot.oem4f (.bootVecs)

xdc.meta   0    00000000    000000f4     COPY SECTION
                  00000000    000000f4     app_pem4f.oem4f (xdc.meta)

MODULE SUMMARY

       Module                     code    ro data   rw data
       ------                     ----    -------   -------
    .\
       TivaC_GPIO_Config.obj      4286    11        71     
       main.obj                   1299    0         11     
       Nokia_5110.obj             528     512       3      
    +--+--------------------------+-------+---------+---------+
       Total:                     6113    523       85     
                                                           
    C:\Users\Alamin_Bird\Documents\CCS_SeniorDesign\MarsMiniRover\Debug\configPkg\package\cfg\
       app_pem4f.oem4f            1450    7538      5064   
    +--+--------------------------+-------+---------+---------+
       Total:                     1450    7538      5064   
                                                           
    C:/ti/tirtos_tivac_2_16_01_14/products/TivaWare_C_Series-2.1.1.71b/driverlib/ccs/Debug/driverlib.lib
       gpio.obj                   520     144       0      
       sysctl.obj                 346     108       0      
       uart.obj                   154     0         0      
       pwm.obj                    110     0         0      
    +--+--------------------------+-------+---------+---------+
       Total:                     1130    252       0      
                                                           
    C:\Users\Alamin_Bird\Documents\CCS_SeniorDesign\MarsMiniRover\src\sysbios\sysbios.aem4f
       BIOS.obj                   10192   0         0      
       m3_Hwi_asm.obj             314     0         0      
       m3_TaskSupport_asm.obj     180     0         0      
       m3_Hwi_asm_switch.obj      118     0         0      
    +--+--------------------------+-------+---------+---------+
       Total:                     10804   0         0      
                                                           
    C:\ti\ccsv7\tools\compiler\ti-cgt-arm_16.9.3.LTS\lib\rtsv7M4_T_le_v4SPD16_eabi.lib
       trgdrv.obj                 804     0         8      
       trgmsg.obj                 104     0         288    
       memcpy_t2.obj              156     0         0      
       memset_t2.obj              122     0         0      
       copy_decompress_lzss.obj   104     0         0      
       exit.obj                   84      0         12     
       cpy_tbl.obj                76      0         0      
       u_divt2.obj                64      0         0      
       _lock.obj                  20      0         8      
       args_main.obj              24      0         0      
       strcpy.obj                 20      0         0      
       strlen.obj                 20      0         0      
       copy_decompress_none.obj   14      0         0      
       copy_zero_init.obj         12      0         0      
       stkdepth_vars.obj          0       0         4      
       i_div0.obj                 2       0         0      
    +--+--------------------------+-------+---------+---------+
       Total:                     1626    0         320    
                                                           
    C:\ti\tirtos_tivac_2_16_01_14\products\bios_6_45_02_31\packages\ti\catalog\arm\cortexm4\tiva\ce\lib\Boot.aem4f
       Boot_sysctl.oem4f          262     0         0      
       Boot.oem4f                 152     0         0      
    +--+--------------------------+-------+---------+---------+
       Total:                     414     0         0      
                                                           
    C:\ti\tirtos_tivac_2_16_01_14\products\bios_6_45_02_31\packages\ti\targets\arm\rtsarm\lib\auto_init.aem4f
       auto_init.oem4f            160     0         0      
    +--+--------------------------+-------+---------+---------+
       Total:                     160     0         0      
                                                           
    C:\ti\tirtos_tivac_2_16_01_14\products\bios_6_45_02_31\packages\ti\targets\arm\rtsarm\lib\boot.aem4f
       boot.oem4f                 88      0         0      
    +--+--------------------------+-------+---------+---------+
       Total:                     88      0         0      
                                                           
    C:\ti\tirtos_tivac_2_16_01_14\products\bios_6_45_02_31\packages\ti\targets\arm\rtsarm\lib\ti.targets.arm.rtsarm.aem4f
       System.oem4f               1255    0         0      
       Text.oem4f                 672     0         0      
       Error.oem4f                524     0         0      
       Core-mem.oem4f             358     0         0      
       Startup.oem4f              328     0         0      
       SysMin.oem4f               248     0         0      
       Core-smem.oem4f            204     0         0      
       Memory.oem4f               176     0         0      
       Assert.oem4f               84      0         0      
       Core-params.oem4f          70      0         0      
       Core-label.oem4f           52      0         0      
       Registry.oem4f             32      0         0      
       Gate.oem4f                 28      0         0      
    +--+--------------------------+-------+---------+---------+
       Total:                     4031    0         0      
                                                           
       Stack:                     0       0         768    
       Linker Generated:          0       551       0      
    +--+--------------------------+-------+---------+---------+
       Grand Total:               25816   8864      6237   


LINKER GENERATED COPY TABLES

__TI_cinit_table @ 00008808 records: 3, size/record: 8, table size: 24
	.data: load addr=000085f8, load size=000001f3 bytes, run addr=200010ac, run size=000004b2 bytes, compression=lzss
	.bss: load addr=000087f8, load size=00000008 bytes, run addr=20000360, run size=00000d4b bytes, compression=zero_init
	.vecs: load addr=00008800, load size=00000008 bytes, run addr=20000000, run size=00000360 bytes, compression=zero_init


LINKER GENERATED HANDLER TABLE

__TI_handler_table @ 000087ec records: 3, size/record: 4, table size: 12
	index: 0, handler: __TI_decompress_lzss
	index: 1, handler: __TI_decompress_none
	index: 2, handler: __TI_zero_init


GLOBAL SYMBOLS: SORTED ALPHABETICALLY BY Name 

address   name                                                              
-------   ----                                                              
00004901  C$$EXIT                                                           
00004443  C$$IO$$                                                           
200010a9  CharBuff                                                          
00001ebd  Contrler_Task                                                     
0000842c  ControlerTask                                                     
000059b1  DefaultBluetoothSetup                                             
00005b69  GPIODirModeSet                                                    
0000403b  GPIOInit                                                          
000028c5  GPIOPadConfigSet                                                  
00004db5  GPIOPinConfigure                                                  
00000041  GPIOPinInfo                                                       
00006295  GPIOPinTypeADC                                                    
000062a7  GPIOPinTypeGPIOInput                                              
000060d5  GPIOPinTypeGPIOOutput                                             
000062b9  GPIOPinTypePWM                                                    
000062cb  GPIOPinTypeUART                                                   
000044e3  GPIOPinWrite                                                      
0000208d  GPIOSet                                                           
00004c31  GPIOWrite                                                         
000012c3  HOSTclock                                                         
0000128b  HOSTclose                                                         
0000124d  HOSTgetenv                                                        
000011f1  HOSTlseek                                                         
0000119f  HOSTopen                                                          
00001153  HOSTread                                                          
000010f5  HOSTrename                                                        
000010bb  HOSTtime                                                          
0000106d  HOSTtime64                                                        
00001035  HOSTunlink                                                        
00000fe9  HOSTwrite                                                         
000055c1  LCDClear                                                          
00005149  LCDInit                                                           
00003d39  LCDWriteCmd                                                       
00003dbd  LCDWriteData                                                      
0000538d  LCDWriteFace                                                      
000051cd  LCDXY                                                             
0000646d  LCD_LED_OFF                                                       
00006479  LCD_LED_ON                                                        
000053c5  MoveBackLeft                                                      
000053fd  MoveBackRight                                                     
000059dd  MoveBackward                                                      
0000573d  MoveForward                                                       
00005a09  MoveLeft                                                          
00005a35  MoveRight                                                         
00005435  MoveSlighLeft                                                     
0000546d  MoveSlightRight                                                   
00005d59  PWMGenConfigure                                                   
00006485  PWMGenEnable                                                      
0000632d  PWMGenPeriodSet                                                   
000062dd  PWMOutputState                                                    
00000941  PWMPinInfo                                                        
00005ee9  PWMPulseWidthSet                                                  
2000107c  PWMui32Base                                                       
20001080  PWMui32Gen                                                        
20001084  PWMui32Peripheral                                                 
20001088  PWMui32PinConfig                                                  
0000576d  RotateLeft                                                        
0000579d  RotateRight                                                       
UNDEFED   SHT$$INIT_ARRAY$$Base                                             
UNDEFED   SHT$$INIT_ARRAY$$Limit                                            
00004f21  SetSpeed                                                          
0000633d  StartMoving                                                       
0000634d  StopMoving                                                        
20001060  StringBuff                                                        
00002b0d  SysCtlClockGet                                                    
00005d7b  SysCtlDelay                                                       
000061e1  SysCtlPWMClockSet                                                 
000055f9  SysCtlPeripheralEnable                                            
00006511  UARTCharGet                                                       
0000651b  UARTCharPut                                                       
00006491  UARTCharsAvail                                                    
0000518b  UARTConfigSetExpClk                                               
00005f25  UARTDisable                                                       
000061f5  UARTEnable                                                        
00005a61  UARTEnableInt                                                     
00005a8d  UARTGetChar                                                       
00006539  UARTIntEnable                                                     
00005291  UARTIntegerGet                                                    
00004f65  UARTIntegerPut                                                    
200014d9  UARTNewChar_Flag                                                  
00001a79  UARTPinInfo                                                       
000054a5  UARTSetBaud                                                       
000032b9  UARTStringGet                                                     
00004345  UARTStringPut                                                     
200014d8  UART_Contrler                                                     
2000108c  UARTui32Base                                                      
20001090  UARTui32Peripheral                                                
20001094  UARTui32PinConfig                                                 
00000000  __ASM__                                                           
20000ec0  __CIOBUF_                                                         
00000072  __ISA__                                                           
00000085  __PLAT__                                                          
20001860  __STACK_END                                                       
00000300  __STACK_SIZE                                                      
000000a6  __TARG__                                                          
00008808  __TI_CINIT_Base                                                   
00008820  __TI_CINIT_Limit                                                  
000087ec  __TI_Handler_Table_Base                                           
000087f8  __TI_Handler_Table_Limit                                          
00003869  __TI_auto_init                                                    
200014b4  __TI_cleanup_ptr                                                  
000043ad  __TI_decompress_lzss                                              
00006431  __TI_decompress_none                                              
200014b8  __TI_dtors_ptr                                                    
200014bc  __TI_enable_exit_profile_output                                   
ffffffff  __TI_pprof_out_hndl                                               
ffffffff  __TI_prof_data_size                                               
ffffffff  __TI_prof_data_start                                              
00004447  __TI_readmsg                                                      
000085f8  __TI_static_base__                                                
00004415  __TI_writemsg                                                     
0000649d  __TI_zero_init                                                    
000000cc  __TRDR__                                                          
00003b7f  __aeabi_idiv0                                                     
00003fc1  __aeabi_memclr                                                    
00003fc1  __aeabi_memclr4                                                   
00003fc1  __aeabi_memclr8                                                   
000039a9  __aeabi_memcpy                                                    
000039a9  __aeabi_memcpy4                                                   
000039a9  __aeabi_memcpy8                                                   
00003fc3  __aeabi_memset                                                    
00003fc3  __aeabi_memset4                                                   
00003fc3  __aeabi_memset8                                                   
0000520d  __aeabi_uidiv                                                     
0000520d  __aeabi_uidivmod                                                  
ffffffff  __binit__                                                         
ffffffff  __c_args__                                                        
20001560  __stack                                                           
000060ed  _args_main                                                        
00004851  _c_int00                                                          
200014e4  _lock                                                             
00006217  _nop                                                              
0000620f  _register_lock                                                    
00006209  _register_unlock                                                  
200014e8  _unlock                                                           
00004905  abort                                                             
ffffffff  binit                                                             
00008424  controlerSem                                                      
00004c7d  copy_in                                                           
0000490d  exit                                                              
2000153c  index                                                             
00003ec5  integerToString                                                   
00004be1  main                                                              
20001544  main_func_sp                                                      
000039a9  memcpy                                                            
00003fc9  memset                                                            
000063d1  osi_TaskDisable                                                   
00006371  osi_start                                                         
000049fd  setPWMDuty                                                        
00004a4d  setPWMOff                                                         
00004a9d  setPWMOn                                                          
00003f45  setPinsToWTF                                                      
00008428  stopMotors                                                        
0000621d  strcpy                                                            
000049a9  stringToInteger                                                   
00006231  strlen                                                            
00008464  ti_catalog_arm_cortexm4_tiva_ce_Boot_A_mustUseEnhancedClockMode__C
00008468  ti_catalog_arm_cortexm4_tiva_ce_Boot_Module__diagsEnabled__C      
0000846c  ti_catalog_arm_cortexm4_tiva_ce_Boot_Module__diagsIncluded__C     
00008470  ti_catalog_arm_cortexm4_tiva_ce_Boot_Module__diagsMask__C         
00008422  ti_catalog_arm_cortexm4_tiva_ce_Boot_Module__id__C                
00006461  ti_catalog_arm_cortexm4_tiva_ce_Boot_init__I                      
00002c19  ti_catalog_arm_cortexm4_tiva_ce_Boot_sysCtlClockSetI__I           
00003b81  ti_catalog_arm_cortexm4_tiva_ce_Boot_sysCtlClockSet__E            
00006303  ti_catalog_arm_cortexm4_tiva_ce_Boot_sysCtlDelayI__I              
20001430  ti_sysbios_BIOS_Module__state__V                                  
00006039  ti_sysbios_BIOS_RtsGateProxy_Handle__label__S                     
00005cc5  ti_sysbios_BIOS_RtsGateProxy_Object__delete__S                    
0000130d  ti_sysbios_BIOS_RtsGateProxy_enter__E                             
00001cbd  ti_sysbios_BIOS_RtsGateProxy_leave__E                             
00006599  ti_sysbios_BIOS_RtsGateProxy_query__E                             
000057cd  ti_sysbios_BIOS_atExitFunc__I                                     
00005c35  ti_sysbios_BIOS_errorRaiseHook__I                                 
000061c9  ti_sysbios_BIOS_exitFunc__I                                       
0000418f  ti_sysbios_BIOS_nullFunc__I                                       
00005c59  ti_sysbios_BIOS_registerRTSLock__I                                
00005c7d  ti_sysbios_BIOS_removeRTSLock__I                                  
00005dc5  ti_sysbios_BIOS_rtsLock__I                                        
00006105  ti_sysbios_BIOS_rtsUnlock__I                                      
00006361  ti_sysbios_BIOS_setThreadType__E                                  
00005ca1  ti_sysbios_BIOS_startFunc__I                                      
00006371  ti_sysbios_BIOS_start__E                                          
20001374  ti_sysbios_family_arm_lm4_Timer_Module_State_0_device__A          
20001470  ti_sysbios_family_arm_lm4_Timer_Module_State_0_handles__A         
0000611d  ti_sysbios_family_arm_lm4_Timer_Module__startupDone__F            
0000611d  ti_sysbios_family_arm_lm4_Timer_Module__startupDone__S            
200014c0  ti_sysbios_family_arm_lm4_Timer_Module__state__V                  
000044e9  ti_sysbios_family_arm_lm4_Timer_Module_startup__E                 
20001144  ti_sysbios_family_arm_lm4_Timer_Object__table__V                  
00008474  ti_sysbios_family_arm_lm4_Timer_enableFunc__C                     
00003719  ti_sysbios_family_arm_lm4_Timer_enableTimers__I                   
00003669  ti_sysbios_family_arm_lm4_Timer_enableTiva__I                     
000064a9  ti_sysbios_family_arm_lm4_Timer_getMaxTicks__E                    
000045b9  ti_sysbios_family_arm_lm4_Timer_isrStub__E                        
00006541  ti_sysbios_family_arm_lm4_Timer_masterDisable__I                  
0000238d  ti_sysbios_family_arm_lm4_Timer_masterEnable__I                   
00008478  ti_sysbios_family_arm_lm4_Timer_numTimerDevices__C                
000024f9  ti_sysbios_family_arm_lm4_Timer_start__E                          
0000847c  ti_sysbios_family_arm_lm4_Timer_startupNeeded__C                  
00005251  ti_sysbios_family_arm_lm4_Timer_startup__E                        
00004fa9  ti_sysbios_family_arm_lm4_Timer_stop__E                           
00005d81  ti_sysbios_family_arm_lm4_Timer_write__I                          
[...]
00006421  xdc_runtime_Text_visitRope__I                                     
00006431  __TI_decompress_none                                              
00006441  ti_sysbios_knl_Idle_loop__E                                       
00006451  ti_sysbios_knl_Queue_empty__E                                     
00006461  ti_catalog_arm_cortexm4_tiva_ce_Boot_init__I                      
0000646d  LCD_LED_OFF                                                       
00006479  LCD_LED_ON                                                        
00006485  PWMGenEnable                                                      
00006491  UARTCharsAvail                                                    
0000649d  __TI_zero_init                                                    
000064a9  ti_sysbios_family_arm_lm4_Timer_getMaxTicks__E                    
000064b9  ti_sysbios_family_arm_m3_TaskSupport_checkStack__E                
000064b9  ti_sysbios_knl_Task_SupportProxy_checkStack__E                    
000064c9  ti_sysbios_gates_GateHwi_enter__E                                 
000064d5  ti_sysbios_knl_Queue_Object__get__S                               
000064e1  xdc_runtime_Error_init__E                                         
000064ed  xdc_runtime_Gate_enterSystem__E                                   
000064f9  xdc_runtime_Memory_calloc__E                                      
00006505  xdc_runtime_Memory_getMaxDefaultTypeAlign__E                      
00006511  UARTCharGet                                                       
0000651b  UARTCharPut                                                       
00006525  xdc_runtime_Memory_HeapProxy_alloc__E                             
0000652f  xdc_runtime_Memory_HeapProxy_free__E                              
00006539  UARTIntEnable                                                     
00006541  ti_sysbios_family_arm_lm4_Timer_masterDisable__I                  
00006549  ti_sysbios_family_arm_m3_Hwi_doSwiRestore__I                      
00006551  ti_sysbios_family_arm_m3_Hwi_startup__E                           
00006551  ti_sysbios_hal_Hwi_HwiProxy_startup__E                            
00006559  ti_sysbios_family_arm_m3_Hwi_doTaskRestore__I                     
00006561  ti_sysbios_gates_GateHwi_leave__E                                 
00006569  ti_sysbios_hal_Timer_start__E                                     
00006571  ti_sysbios_heaps_HeapMem_isBlocking__E                            
00006579  ti_sysbios_knl_Queue_Instance_init__E                             
00006581  ti_sysbios_knl_Swi_startup__E                                     
00006587  xdc_runtime_System_Module_startup__E                              
00006591  ti_sysbios_gates_GateHwi_query__E                                 
00006591  xdc_runtime_Main_Module_GateProxy_query__E                        
00006591  xdc_runtime_System_Module_GateProxy_query__E                      
00006599  ti_sysbios_BIOS_RtsGateProxy_query__E                             
00006599  ti_sysbios_gates_GateMutex_query__E                               
00006599  ti_sysbios_heaps_HeapMem_Module_GateProxy_query__E                
000065a1  ti_sysbios_knl_Task_startup__E                                    
000065a9  ti_sysbios_gates_GateHwi_Instance_init__E                         
000065b1  ti_sysbios_knl_Clock_logTick__E                                   
000065b4  xdc_runtime_Text_charTab__A                                       
00008033  xdc_runtime_Error_policy__C                                       
00008034  xdc_runtime_Text_nodeTab__A                                       
00008238  ti_sysbios_heaps_HeapMem_Module__FXNS__C                          
00008260  ti_sysbios_gates_GateHwi_Module__FXNS__C                          
00008284  ti_sysbios_gates_GateMutex_Module__FXNS__C                        
000082a8  ti_sysbios_heaps_HeapMem_Object__PARAMS__C                        
000082cc  ti_sysbios_knl_Semaphore_Object__PARAMS__C                        
000082f0  xdc_runtime_Startup_sfxnTab__A                                    
00008314  ti_sysbios_gates_GateHwi_Object__DESC__C                          
00008334  ti_sysbios_gates_GateMutex_Object__DESC__C                        
00008354  ti_sysbios_heaps_HeapMem_Object__DESC__C                          
00008374  ti_sysbios_knl_Queue_Object__DESC__C                              
00008394  ti_sysbios_knl_Semaphore_Object__DESC__C                          
000083b4  ti_sysbios_gates_GateHwi_Object__PARAMS__C                        
000083cc  ti_sysbios_gates_GateMutex_Object__PARAMS__C                      
000083e4  ti_sysbios_knl_Queue_Object__PARAMS__C                            
000083fc  xdc_runtime_Startup_firstFxns__A                                  
00008410  xdc_runtime_Startup_sfxnRts__A                                    
00008422  ti_catalog_arm_cortexm4_tiva_ce_Boot_Module__id__C                
00008424  controlerSem                                                      
00008428  stopMotors                                                        
0000842c  ControlerTask                                                     
00008444  ti_sysbios_family_arm_m3_Hwi_excHookFuncs__A                      
0000844c  ti_sysbios_knl_Idle_funcList__C                                   
00008454  xdc_runtime_Startup_firstFxns__C                                  
0000845c  xdc_runtime_Startup_lastFxns__C                                   
00008464  ti_catalog_arm_cortexm4_tiva_ce_Boot_A_mustUseEnhancedClockMode__C
00008468  ti_catalog_arm_cortexm4_tiva_ce_Boot_Module__diagsEnabled__C      
0000846c  ti_catalog_arm_cortexm4_tiva_ce_Boot_Module__diagsIncluded__C     
00008470  ti_catalog_arm_cortexm4_tiva_ce_Boot_Module__diagsMask__C         
00008474  ti_sysbios_family_arm_lm4_Timer_enableFunc__C                     
00008478  ti_sysbios_family_arm_lm4_Timer_numTimerDevices__C                
0000847c  ti_sysbios_family_arm_lm4_Timer_startupNeeded__C                  
00008480  ti_sysbios_family_arm_m3_Hwi_E_NMI__C                             
00008484  ti_sysbios_family_arm_m3_Hwi_E_busFault__C                        
00008488  ti_sysbios_family_arm_m3_Hwi_E_debugMon__C                        
0000848c  ti_sysbios_family_arm_m3_Hwi_E_hardFault__C                       
00008490  ti_sysbios_family_arm_m3_Hwi_E_memFault__C                        
00008494  ti_sysbios_family_arm_m3_Hwi_E_noIsr__C                           
00008498  ti_sysbios_family_arm_m3_Hwi_E_reserved__C                        
0000849c  ti_sysbios_family_arm_m3_Hwi_E_svCall__C                          
000084a0  ti_sysbios_family_arm_m3_Hwi_E_usageFault__C                      
000084a4  ti_sysbios_family_arm_m3_Hwi_NUM_INTERRUPTS__C                    
000084a8  ti_sysbios_family_arm_m3_Hwi_Object__count__C                     
000084ac  ti_sysbios_family_arm_m3_Hwi_ccr__C                               
000084b0  ti_sysbios_family_arm_m3_Hwi_excHandlerFunc__C                    
000084b4  ti_sysbios_family_arm_m3_Hwi_excHookFuncs__C                      
000084b8  ti_sysbios_family_arm_m3_Hwi_nullIsrFunc__C                       
000084bc  ti_sysbios_family_arm_m3_Hwi_priGroup__C                          
000084c0  ti_sysbios_gates_GateMutex_A_badContext__C                        
000084c4  ti_sysbios_gates_GateMutex_Instance_State_sem__O                  
000084c8  ti_sysbios_gates_GateMutex_Module__diagsEnabled__C                
000084cc  ti_sysbios_gates_GateMutex_Module__diagsIncluded__C               
000084d0  ti_sysbios_gates_GateMutex_Module__diagsMask__C                   
000084d4  ti_sysbios_hal_Hwi_E_stackOverflow__C                             
000084d8  ti_sysbios_heaps_HeapMem_A_align__C                               
000084dc  ti_sysbios_heaps_HeapMem_A_heapSize__C                            
000084e0  ti_sysbios_heaps_HeapMem_A_invalidFree__C                         
000084e4  ti_sysbios_heaps_HeapMem_A_zeroBlock__C                           
000084e8  ti_sysbios_heaps_HeapMem_E_memory__C                              
000084ec  ti_sysbios_heaps_HeapMem_Module__diagsEnabled__C                  
000084f0  ti_sysbios_heaps_HeapMem_Module__diagsIncluded__C                 
000084f4  ti_sysbios_heaps_HeapMem_Module__diagsMask__C                     
000084f8  ti_sysbios_heaps_HeapMem_Module__gateObj__C                       
000084fc  ti_sysbios_heaps_HeapMem_Object__count__C                         
00008500  ti_sysbios_heaps_HeapMem_reqAlign__C                              
00008504  ti_sysbios_knl_Clock_Module_State_clockQ__O                       
00008508  ti_sysbios_knl_Idle_funcList__A                                   
0000850c  ti_sysbios_knl_Semaphore_A_badContext__C                          
00008510  ti_sysbios_knl_Semaphore_A_noEvents__C                            
00008514  ti_sysbios_knl_Semaphore_A_overflow__C                            
00008518  ti_sysbios_knl_Semaphore_A_pendTaskDisabled__C                    
0000851c  ti_sysbios_knl_Semaphore_Instance_State_pendQ__O                  
00008520  ti_sysbios_knl_Semaphore_Module__diagsEnabled__C                  
00008524  ti_sysbios_knl_Semaphore_Module__diagsIncluded__C                 
00008528  ti_sysbios_knl_Semaphore_Module__diagsMask__C                     
0000852c  ti_sysbios_knl_Swi_Object__count__C                               
00008530  ti_sysbios_knl_Task_E_spOutOfBounds__C                            
00008534  ti_sysbios_knl_Task_E_stackOverflow__C                            
00008538  ti_sysbios_knl_Task_Module_State_inactiveQ__O                     
0000853c  ti_sysbios_knl_Task_Object__count__C                              
00008540  ti_sysbios_knl_Task_allBlockedFunc__C                             
00008544  ti_sysbios_knl_Task_numConstructedTasks__C                        
00008548  xdc_runtime_Assert_E_assertFailed__C                              
0000854c  xdc_runtime_Core_A_initializedParams__C                           
00008550  xdc_runtime_Core_Module__diagsEnabled__C                          
00008554  xdc_runtime_Core_Module__diagsIncluded__C                         
00008558  xdc_runtime_Core_Module__diagsMask__C                             
0000855c  xdc_runtime_Error_E_memory__C                                     
00008560  xdc_runtime_Error_Module__diagsEnabled__C                         
00008564  xdc_runtime_Error_Module__diagsIncluded__C                        
00008568  xdc_runtime_Error_Module__diagsMask__C                            
0000856c  xdc_runtime_Error_Module__loggerFxn8__C                           
00008570  xdc_runtime_Error_Module__loggerObj__C                            
00008574  xdc_runtime_Error_policyFxn__C                                    
00008578  xdc_runtime_Error_raiseHook__C                                    
0000857c  xdc_runtime_IGateProvider_Interface__BASE__C                      
00008580  xdc_runtime_IHeap_Interface__BASE__C                              
00008584  xdc_runtime_IModule_Interface__BASE__C                            
00008588  xdc_runtime_Log_L_error__C                                        
0000858c  xdc_runtime_Memory_defaultHeapInstance__C                         
00008590  xdc_runtime_Startup_execImpl__C                                   
00008594  xdc_runtime_Startup_maxPasses__C                                  
00008598  xdc_runtime_Startup_sfxnRts__C                                    
0000859c  xdc_runtime_Startup_sfxnTab__C                                    
000085a0  xdc_runtime_SysMin_bufSize__C                                     
000085a4  xdc_runtime_SysMin_outputFunc__C                                  
000085a8  xdc_runtime_System_Module__gateObj__C                             
000085ac  xdc_runtime_System_abortFxn__C                                    
000085b0  xdc_runtime_System_exitFxn__C                                     
000085b4  xdc_runtime_System_extendFxn__C                                   
000085b8  xdc_runtime_System_maxAtexitHandlers__C                           
000085bc  xdc_runtime_Text_charTab__C                                       
000085c0  xdc_runtime_Text_nameEmpty__C                                     
000085c4  xdc_runtime_Text_nameStatic__C                                    
000085c8  xdc_runtime_Text_nameUnknown__C                                   
000085cc  xdc_runtime_Text_nodeTab__C                                       
000085d0  xdc_runtime_Text_visitRopeFxn__C                                  
000085d4  ti_sysbios_family_arm_m3_Hwi_Module__id__C                        
000085d6  ti_sysbios_gates_GateMutex_Module__id__C                          
000085d8  ti_sysbios_hal_Hwi_Module__id__C                                  
000085da  ti_sysbios_heaps_HeapMem_Module__id__C                            
000085dc  ti_sysbios_knl_Semaphore_Module__id__C                            
000085de  ti_sysbios_knl_Task_Module__id__C                                 
000085e0  xdc_runtime_Core_Module__id__C                                    
000085e2  xdc_runtime_Error_Module__loggerDefined__C                        
000085e4  xdc_runtime_Error_maxDepth__C                                     
000085e6  xdc_runtime_Memory_Module__id__C                                  
000085e8  xdc_runtime_SysMin_flushAtExit__C                                 
000085ea  xdc_runtime_Text_charCnt__C                                       
000085ec  xdc_runtime_Text_isLoaded__C                                      
000085ee  xdc_runtime_Text_registryModsLastId__C                            
000085f0  xdc_runtime_Text_unnamedModsLastId__C                             
000085f8  __TI_static_base__                                                
000087ec  __TI_Handler_Table_Base                                           
000087f8  __TI_Handler_Table_Limit                                          
00008808  __TI_CINIT_Base                                                   
00008820  __TI_CINIT_Limit                                                  
20000000  ti_sysbios_family_arm_m3_Hwi_ramVectors                           
20000360  ti_sysbios_knl_Task_Instance_State_0_stack__A                     
20000560  ti_sysbios_knl_Task_Instance_State_1_stack__A                     
20000760  ti_sysbios_heaps_HeapMem_Instance_State_0_buf__A                  
20000b60  ti_sysbios_family_arm_m3_Hwi_dispatchTable                        
20000ec0  __CIOBUF_                                                         
20000fe0  xdc_runtime_SysMin_Module_State_0_outbuf__A                       
20001060  StringBuff                                                        
2000107c  PWMui32Base                                                       
20001080  PWMui32Gen                                                        
20001084  PWMui32Peripheral                                                 
20001088  PWMui32PinConfig                                                  
2000108c  UARTui32Base                                                      
20001090  UARTui32Peripheral                                                
20001094  UARTui32PinConfig                                                 
20001098  ui32PWMOut                                                        
2000109c  ui32PWMOutBits                                                    
200010a0  ui32Peripheral                                                    
200010a4  ui32Port                                                          
200010a9  CharBuff                                                          
200010aa  ui8Pins                                                           
200010ac  ti_sysbios_knl_Task_Object__table__V                              
20001144  ti_sysbios_family_arm_lm4_Timer_Object__table__V                  
200011c4  ti_sysbios_knl_Swi_Module_State_0_readyQ__A                       
20001244  ti_sysbios_knl_Task_Module_State_0_readyQ__A                      
200012c4  ti_sysbios_knl_Task_Module__state__V                              
20001308  ti_sysbios_gates_GateMutex_Object__table__V                       
20001340  ti_sysbios_family_arm_m3_Hwi_Module__state__V                     
20001374  ti_sysbios_family_arm_lm4_Timer_Module_State_0_device__A          
200013a4  ti_sysbios_family_arm_m3_Hwi_Object__table__V                     
200013d4  ti_sysbios_knl_Swi_Object__table__V                               
20001404  ti_sysbios_knl_Clock_Module__state__V                             
20001430  ti_sysbios_BIOS_Module__state__V                                  
20001454  ti_sysbios_knl_Swi_Module__state__V                               
20001470  ti_sysbios_family_arm_lm4_Timer_Module_State_0_handles__A         
20001488  ti_sysbios_heaps_HeapMem_Object__table__V                         
200014a0  ti_sysbios_knl_Semaphore_Object__table__V                         
200014b4  __TI_cleanup_ptr                                                  
200014b8  __TI_dtors_ptr                                                    
200014bc  __TI_enable_exit_profile_output                                   
200014c0  ti_sysbios_family_arm_lm4_Timer_Module__state__V                  
200014cc  xdc_runtime_SysMin_Module__state__V                               
200014d8  UART_Contrler                                                     
200014d9  UARTNewChar_Flag                                                  
200014e2  ti_sysbios_family_arm_m3_Hwi_Module_State_0_excActive__A          
200014e4  _lock                                                             
200014e8  _unlock                                                           
200014ec  ti_sysbios_gates_GateHwi_Module__root__V                          
200014f4  ti_sysbios_gates_GateMutex_Module__root__V                        
200014fc  ti_sysbios_hal_Timer_Object__table__V                             
20001504  ti_sysbios_heaps_HeapMem_Module__root__V                          
2000150c  ti_sysbios_knl_Queue_Module__root__V                              
20001514  ti_sysbios_knl_Semaphore_Module__root__V                          
2000151c  xdc_runtime_Registry_Module__state__V                             
20001524  xdc_runtime_Startup_Module__state__V                              
2000152c  xdc_runtime_System_Module_State_0_atexitHandlers__A               
20001534  xdc_runtime_System_Module__state__V                               
2000153c  index                                                             
20001544  main_func_sp                                                      
20001548  ti_sysbios_family_arm_m3_Hwi_Module_State_0_excContext__A         
2000154c  ti_sysbios_family_arm_m3_Hwi_Module_State_0_excStack__A           
20001550  ti_sysbios_gates_GateHwi_Object__table__V                         
20001554  ti_sysbios_knl_Task_Module_State_0_idleTask__A                    
20001558  xdc_runtime_Memory_Module__state__V                               
2000155c  xdc_runtime_Error_Module__state__V                                
20001560  __stack                                                           
20001860  __STACK_END                                                       
e000e000  ti_sysbios_family_arm_m3_Hwi_nvic                                 
ffffffff  __TI_pprof_out_hndl                                               
ffffffff  __TI_prof_data_size                                               
ffffffff  __TI_prof_data_start                                              
ffffffff  __binit__                                                         
ffffffff  __c_args__                                                        
ffffffff  binit                                                             
UNDEFED   SHT$$INIT_ARRAY$$Base                                             
UNDEFED   SHT$$INIT_ARRAY$$Limit                                            

[585 symbols]
