******************************************************************************
                  TI ARM Linker PC v16.9.0                     
******************************************************************************
>> Linked Thu Apr 20 16:22:11 2017

OUTPUT FILE NAME:   <RobotV5.out>
ENTRY POINT SYMBOL: "_c_int00"  address: 00005951


MEMORY CONFIGURATION

         name            origin    length      used     unused   attr    fill
----------------------  --------  ---------  --------  --------  ----  --------
  FLASH                 00000000   00040000  0000b0d6  00034f2a  R  X
  SRAM                  20000000   00008000  000026b7  00005949  RW X


SEGMENT ALLOCATION MAP

run origin  load origin   length   init length attrs members
----------  ----------- ---------- ----------- ----- -------
00000000    00000000    0000b0e0   0000b0e0    r-x
  00000000    00000000    0000003c   0000003c    r-- .resetVecs
  00000040    00000040    000078ca   000078ca    r-x .text
  0000790c    0000790c    00003518   00003518    r-- .const
  0000ae28    0000ae28    000002b8   000002b8    r-- .cinit
20000000    20000000    000026b8   00000000    rw-
  20000000    20000000    00000360   00000000    rw- .vecs
  20000360    20000360    00001553   00000000    rw- .bss
  200018b4    200018b4    00000800   00000000    rw- .stack
  200020b4    200020b4    00000604   00000000    rw- .data


SECTION ALLOCATION MAP

 output                                  attributes/
section   page    origin      length       input sections
--------  ----  ----------  ----------   ----------------
.text      0    00000040    000078ca     
                  00000040    000004d0     TivaC_GPIO_Config.obj (.text:GPIOPinInfo)
                  00000510    00000430     sysbios.aem4f : BIOS.obj (.text:ti_sysbios_family_arm_m3_Hwi_excDumpRegs__I)
                  00000940    0000035c     TivaC_GPIO_Config.obj (.text:PWMPinInfo)
                  00000c9c    0000034c     ti.targets.arm.rtsarm.aem4f : System.oem4f (.text:xdc_runtime_System_doPrint__I)
                  00000fe8    00000324     rtsv7M4_T_le_v4SPD16_eabi.lib : trgdrv.obj (.text)
                  0000130c    00000004     driverlib.lib : uart.obj (.text:UARTIntClear)
                  00001310    000002ec     sysbios.aem4f : BIOS.obj (.text:ti_sysbios_knl_Semaphore_pend__E)
                  000015fc    000002c0     main.obj (.text:Contrler_Task)
                  000018bc    0000026c     main.obj (.text:PID_Task)
                  00001b28    00000258     sysbios.aem4f : BIOS.obj (.text:ti_sysbios_heaps_HeapMem_free__E)
                  00001d80    00000248                   : BIOS.obj (.text:ti_sysbios_heaps_HeapMem_alloc__E)
                  00001fc8    00000244     TivaC_GPIO_Config.obj (.text:UARTPinInfo)
                  0000220c    00000004     sysbios.aem4f : BIOS.obj (.text:ti_sysbios_family_arm_lm4_Timer_masterEnable__I)
                  00002210    000001fc                   : BIOS.obj (.text:ti_sysbios_family_arm_m3_Hwi_excHandlerMax__I)
                  0000240c    0000018c     TivaC_GPIO_Config.obj (.text:GPIOSet)
                  00002598    00000174     sysbios.aem4f : BIOS.obj (.text:ti_sysbios_family_arm_m3_Hwi_excBusFault__I)
                  0000270c    00000004     app_pem4f.oem4f (.text:ti_sysbios_family_arm_m3_TaskSupport_Module__startupDone__S)
                  00002710    00000168     sysbios.aem4f : BIOS.obj (.text:ti_sysbios_family_arm_lm4_Timer_start__E)
                  00002878    00000164                   : BIOS.obj (.text:ti_sysbios_family_arm_m3_Hwi_excUsageFault__I)
                  000029dc    00000004     app_pem4f.oem4f (.text:ti_sysbios_hal_Timer_TimerProxy_start__E)
                  000029e0    00000148     sysbios.aem4f : BIOS.obj (.text:ti_sysbios_family_arm_m3_Hwi_excMemFault__I)
                  00002b28    00000140                   : BIOS.obj (.text:ti_sysbios_knl_Semaphore_post__E)
                  00002c68    0000013c                   : BIOS.obj (.text:ti_sysbios_heaps_HeapMem_Instance_init__E)
                  00002da4    00000004     app_pem4f.oem4f (.text:ti_sysbios_heaps_HeapMem_Module_GateProxy_enter__E)
                  00002da8    0000013c     sysbios.aem4f : BIOS.obj (.text:ti_sysbios_knl_Clock_workFunc__E)
                  00002ee4    00000004     app_pem4f.oem4f (.text:ti_sysbios_heaps_HeapMem_Module_GateProxy_leave__E)
                  00002ee8    00000138     sysbios.aem4f : BIOS.obj (.text:ti_sysbios_family_arm_m3_Hwi_dispatchC__I)
                  00003020    00000130     driverlib.lib : gpio.obj (.text:GPIOPadConfigSet)
                  00003150    0000011c     sysbios.aem4f : BIOS.obj (.text:ti_sysbios_knl_Swi_run__I)
                  0000326c    00000118     ti.targets.arm.rtsarm.aem4f : Error.oem4f (.text:xdc_runtime_Error_policyDefault__E)
                  00003384    0000010c     driverlib.lib : sysctl.obj (.text:SysCtlClockGet)
                  00003490    00000104     sysbios.aem4f : BIOS.obj (.text:ti_sysbios_knl_Task_Module_startup__E)
                  00003594    00000100     Boot.aem4f : Boot_sysctl.oem4f (.text:ti_catalog_arm_cortexm4_tiva_ce_Boot_sysCtlClockSetI__I)
                  00003694    00000100     ti.targets.arm.rtsarm.aem4f : Core-mem.oem4f (.text:xdc_runtime_Core_createObject__I)
                  00003794    000000fc     rtsv7M4_T_le_v4SPD16_eabi.lib : fd_mul_t2.obj (.text)
                  00003890    000000f8     ti.targets.arm.rtsarm.aem4f : Startup.oem4f (.text:xdc_runtime_Startup_startMods__I)
                  00003988    000000f8     app_pem4f.oem4f (.text:xdc_runtime_System_printfExtend__I)
                  00003a80    000000f4     sysbios.aem4f : m3_Hwi_asm.obj (.text:ti_sysbios_family_arm_m3_Hwi_dispatch__I)
                  00003b74    000000e0     main.obj (.text:GPIOInit)
                  00003c54    00000004     app_pem4f.oem4f (.text:ti_sysbios_knl_Clock_TimerProxy_getMaxTicks__E)
                  00003c58    000000d0     sysbios.aem4f : BIOS.obj (.text:ti_sysbios_family_arm_m3_Hwi_Module_startup__E)
                  00003d28    000000cc     TivaC_GPIO_Config.obj (.text:ADCRead)
                  00003df4    00000004     app_pem4f.oem4f (.text:ti_sysbios_knl_Queue_destruct)
                  00003df8    000000cc     sysbios.aem4f : BIOS.obj (.text:ti_sysbios_knl_Task_schedule__I)
                  00003ec4    000000cc     ti.targets.arm.rtsarm.aem4f : Core-smem.oem4f (.text:xdc_runtime_Core_constructObject__I)
                  00003f90    000000c0     TivaC_GPIO_Config.obj (.text:UARTStringGet)
                  00004050    000000bc     TivaC_GPIO_Config.obj (.text:ADCPinInfo)
                  0000410c    00000004     app_pem4f.oem4f (.text:ti_sysbios_knl_Semaphore_destruct)
                  00004110    000000bc     sysbios.aem4f : BIOS.obj (.text:ti_sysbios_family_arm_m3_Hwi_excDebugMon__I)
                  000041cc    00000004     ti.targets.arm.rtsarm.aem4f : Error.oem4f (.text:xdc_runtime_Error_getSite__E)
                  000041d0    000000bc     sysbios.aem4f : BIOS.obj (.text:ti_sysbios_family_arm_m3_Hwi_excHardFault__I)
                  0000428c    00000004     app_pem4f.oem4f (.text:xdc_runtime_System_Module_GateProxy_enter__E)
                  00004290    000000bc     sysbios.aem4f : BIOS.obj (.text:ti_sysbios_knl_Task_startCore__E)
                  0000434c    000000b4     TivaC_GPIO_Config.obj (.text:ADC0Setup)
                  00004400    000000b4     sysbios.aem4f : BIOS.obj (.text:ti_sysbios_gates_GateMutex_enter__E)
                  000044b4    00000004     app_pem4f.oem4f (.text:xdc_runtime_System_Module_GateProxy_leave__E)
                  000044b8    000000b4     sysbios.aem4f : BIOS.obj (.text:ti_sysbios_knl_Task_checkStacks__E)
                  0000456c    00000004     ti.targets.arm.rtsarm.aem4f : System.oem4f (.text:xdc_runtime_System_aprintf_va__F)
                  00004570    000000ac     sysbios.aem4f : BIOS.obj (.text:ti_sysbios_family_arm_lm4_Timer_enableTiva__I)
                  0000461c    00000004     ti.targets.arm.rtsarm.aem4f : System.oem4f (.text:xdc_runtime_System_printf_va__F)
                  00004620    000000ac     sysbios.aem4f : BIOS.obj (.text:ti_sysbios_knl_Swi_post__E)
                  000046cc    00000002     main.obj (.text:ADCPrintUART0)
                  000046ce    00000002     rtsv7M4_T_le_v4SPD16_eabi.lib : i_div0.obj (.text)
                  000046d0    000000a8     sysbios.aem4f : BIOS.obj (.text:ti_sysbios_family_arm_lm4_Timer_enableTimers__I)
                  00004778    000000a8                   : BIOS.obj (.text:ti_sysbios_knl_Task_blockI__E)
                  00004820    000000a8                   : BIOS.obj (.text:ti_sysbios_knl_Task_postInit__I)
                  000048c8    000000a0     auto_init.aem4f : auto_init.oem4f (.text)
                  00004968    000000a0     ti.targets.arm.rtsarm.aem4f : Text.oem4f (.text:xdc_runtime_Text_putMod__E)
                  00004a08    0000009c     rtsv7M4_T_le_v4SPD16_eabi.lib : memcpy_t2.obj (.text)
                  00004aa4    00000002     app_pem4f.oem4f (.text:xdc_runtime_Startup_reset__I)
                  00004aa6    00000002     --HOLE-- [fill = 0]
                  00004aa8    0000009c     sysbios.aem4f : BIOS.obj (.text:ti_sysbios_knl_Semaphore_Instance_init__E)
                  00004b44    0000009a     ti.targets.arm.rtsarm.aem4f : Text.oem4f (.text:xdc_runtime_Text_putSite__E)
                  00004bde    00000002     --HOLE-- [fill = 0]
                  00004be0    00000098     Boot.aem4f : Boot.oem4f (.text:ti_catalog_arm_cortexm4_tiva_ce_Boot_sysCtlClockSet__E)
                  00004c78    00000094     sysbios.aem4f : BIOS.obj (.text:ti_sysbios_family_arm_m3_Hwi_initNVIC__E)
                  00004d0c    00000004     --HOLE-- [fill = 0]
                  00004d10    00000094                   : BIOS.obj (.text:ti_sysbios_knl_Task_exit__E)
                  00004da4    00000090     main.obj (.text:Bluetooth_UART_Hwi)
                  00004e34    00000004     --HOLE-- [fill = 0]
                  00004e38    00000090     sysbios.aem4f : BIOS.obj (.text:ti_sysbios_knl_Task_unblockI__E)
                  00004ec8    0000008c                   : m3_TaskSupport_asm.obj (.text:ti_sysbios_family_arm_m3_TaskSupport_buildTaskStack)
                  00004f54    00000086     rtsv7M4_T_le_v4SPD16_eabi.lib : fd_cmp_t2.obj (.text:__aeabi_cdrcmple)
                  00004fda    00000002     --HOLE-- [fill = 0]
                  00004fdc    00000084     Nokia_5110.obj (.text:LCDWriteCmd)
                  00005060    00000084     Nokia_5110.obj (.text:LCDWriteData)
                  000050e4    00000084     Nokia_5110.obj (.text:LCDWriteDataInv)
                  00005168    00000080     TivaC_GPIO_Config.obj (.text:integerToString)
                  000051e8    0000007c     TivaC_GPIO_Config.obj (.text:setPinsToWTF)
                  00005264    0000007a     driverlib.lib : adc.obj (.text:ADCSequenceStepConfigure)
                  000052de    0000007a     rtsv7M4_T_le_v4SPD16_eabi.lib : memset_t2.obj (.text)
                  00005358    0000006d     ti.targets.arm.rtsarm.aem4f : System.oem4f (.text:xdc_runtime_System_formatNum__I)
                  000053c5    00000003     --HOLE-- [fill = 0]
                  000053c8    0000006c     sysbios.aem4f : BIOS.obj (.text:ti_sysbios_knl_Swi_restoreHwi__E)
                  00005434    0000006c     ti.targets.arm.rtsarm.aem4f : Error.oem4f (.text:xdc_runtime_Error_print__E)
                  000054a0    0000006c                                 : Memory.oem4f (.text:xdc_runtime_Memory_alloc__E)
                  0000550c    00000068     TivaC_GPIO_Config.obj (.text:UARTStringPut)
                  00005574    00000068     rtsv7M4_T_le_v4SPD16_eabi.lib : copy_decompress_lzss.obj (.text:decompress:lzss)
                  000055dc    00000068                                   : trgmsg.obj (.text)
                  00005644    00000066     ti.targets.arm.rtsarm.aem4f : Core-mem.oem4f (.text:xdc_runtime_Core_deleteObject__I)
                  000056aa    00000006     driverlib.lib : gpio.obj (.text:GPIOIntClear)
                  000056b0    00000064     sysbios.aem4f : BIOS.obj (.text:ti_sysbios_family_arm_lm4_Timer_Module_startup__E)
                  00005714    00000060     Nokia_5110.obj (.text:LCDSmallCarAnimation)
                  00005774    00000060     main.obj (.text:PID_Rotate180)
                  000057d4    00000004     --HOLE-- [fill = 0]
                  000057d8    00000060     sysbios.aem4f : BIOS.obj (.text:ti_sysbios_family_arm_lm4_Timer_isrStub__E)
                  00005838    00000060                   : BIOS.obj (.text:ti_sysbios_knl_Clock_logTick__E)
                  00005898    0000005c                   : BIOS.obj (.text:ti_sysbios_knl_Swi_schedule__I)
                  000058f4    0000005b     ti.targets.arm.rtsarm.aem4f : Text.oem4f (.text:xdc_runtime_Text_putLab__E)
                  0000594f    00000001     --HOLE-- [fill = 0]
                  00005950    00000058     boot.aem4f : boot.oem4f (.text)
                  000059a8    00000058     sysbios.aem4f : m3_Hwi_asm_switch.obj (.text:ti_sysbios_family_arm_m3_Hwi_initStacks__E)
                  00005a00    00000054     rtsv7M4_T_le_v4SPD16_eabi.lib : exit.obj (.text)
                  00005a54    00000054     ti.targets.arm.rtsarm.aem4f : Assert.oem4f (.text:xdc_runtime_Assert_raise__I)
                  00005aa8    00000052     TivaC_GPIO_Config.obj (.text:stringToInteger)
                  00005afa    00000002     --HOLE-- [fill = 0]
                  00005afc    00000050     main.obj (.text:DefaultBluetoothSetup)
                  00005b4c    00000050     main.obj (.text:LeftEncoderHwi)
                  00005b9c    00000050     TivaC_GPIO_Config.obj (.text:setPWMDuty)
                  00005bec    00000050     TivaC_GPIO_Config.obj (.text:setPWMOff)
                  00005c3c    00000050     TivaC_GPIO_Config.obj (.text:setPWMOn)
                  00005c8c    00000050     ti.targets.arm.rtsarm.aem4f : Startup.oem4f (.text:xdc_runtime_Startup_exec__E)
                  00005cdc    00000050                                 : Text.oem4f (.text:xdc_runtime_Text_visitRope2__I)
                  00005d2c    0000004d     main.obj (.text:main)
                  00005d79    00000003     --HOLE-- [fill = 0]
                  00005d7c    0000004c     TivaC_GPIO_Config.obj (.text:GPIOWrite)
                  00005dc8    0000004c     Nokia_5110.obj (.text:LCDWriteChar)
                  00005e14    0000004c     Nokia_5110.obj (.text:LCDWriteCharInv)
                  00005e60    0000004c     rtsv7M4_T_le_v4SPD16_eabi.lib : cpy_tbl.obj (.text)
                  00005eac    00000004     --HOLE-- [fill = 0]
                  00005eb0    0000004c     sysbios.aem4f : BIOS.obj (.text:ti_sysbios_heaps_HeapMem_getStats__E)
                  00005efc    00000004     --HOLE-- [fill = 0]
                  00005f00    0000004c                   : BIOS.obj (.text:ti_sysbios_knl_Swi_runLoop__I)
                  00005f4c    00000004     --HOLE-- [fill = 0]
                  00005f50    0000004c                   : BIOS.obj (.text:ti_sysbios_knl_Task_allBlockedFunction__I)
                  00005f9c    00000048     driverlib.lib : gpio.obj (.text:GPIOPinConfigure)
                  00005fe4    00000004     --HOLE-- [fill = 0]
                  00005fe8    00000048     sysbios.aem4f : BIOS.obj (.text:ti_sysbios_family_arm_m3_Hwi_disableInterrupt__E)
                  00006030    00000048                   : BIOS.obj (.text:ti_sysbios_family_arm_m3_Hwi_enableInterrupt__E)
                  00006078    00000048                   : BIOS.obj (.text:ti_sysbios_family_arm_m3_Hwi_excReserved__I)
                  000060c0    00000046     ti.targets.arm.rtsarm.aem4f : Core-params.oem4f (.text:xdc_runtime_Core_assignParams__I)
                  00006106    00000002     --HOLE-- [fill = 0]
                  00006108    00000044     main.obj (.text:SetSpeed)
                  0000614c    00000044     TivaC_GPIO_Config.obj (.text:UARTIntegerPut)
                  00006190    00000044     sysbios.aem4f : BIOS.obj (.text:ti_sysbios_family_arm_lm4_Timer_stop__E)
                  000061d4    00000004     --HOLE-- [fill = 0]
                  000061d8    00000044                   : BIOS.obj (.text:ti_sysbios_family_arm_m3_Hwi_getStackInfo__E)
                  0000621c    00000044     ti.targets.arm.rtsarm.aem4f : Error.oem4f (.text:xdc_runtime_Error_setX__E)
                  00006260    00000044                                 : SysMin.oem4f (.text:xdc_runtime_SysMin_flush__E)
                  000062a4    00000044                                 : Text.oem4f (.text:xdc_runtime_Text_xprintf__I)
                  000062e8    00000042     Nokia_5110.obj (.text:LCDInit)
                  0000632a    00000042     driverlib.lib : uart.obj (.text:UARTConfigSetExpClk)
                  0000636c    00000040     Nokia_5110.obj (.text:LCDXY)
                  000063ac    00000040     rtsv7M4_T_le_v4SPD16_eabi.lib : u_divt2.obj (.text)
                  000063ec    00000004     --HOLE-- [fill = 0]
                  000063f0    00000040     sysbios.aem4f : BIOS.obj (.text:ti_sysbios_family_arm_lm4_Timer_startup__E)
                  00006430    0000003e     driverlib.lib : adc.obj (.text:ADCSequenceConfigure)
                  0000646e    00000002     --HOLE-- [fill = 0]
                  00006470    0000003c     TivaC_GPIO_Config.obj (.text:GPIORead)
                  000064ac    0000003c     TivaC_GPIO_Config.obj (.text:UARTIntegerGet)
                  000064e8    0000003c     sysbios.aem4f : BIOS.obj (.text:ti_sysbios_family_arm_m3_Hwi_excSvCall__I)
                  00006524    00000004     --HOLE-- [fill = 0]
                  00006528    0000003c                   : BIOS.obj (.text:ti_sysbios_heaps_HeapMem_init__I)
                  00006564    00000004     --HOLE-- [fill = 0]
                  00006568    0000003c                   : BIOS.obj (.text:ti_sysbios_knl_Swi_startup__E)
                  000065a4    00000038     Nokia_5110.obj (.text:LCDWriteFace)
                  000065dc    00000038     main.obj (.text:MoveBackLeft)
                  00006614    00000038     main.obj (.text:MoveBackRight)
                  0000664c    00000038     main.obj (.text:MoveSlighLeft)
                  00006684    00000038     main.obj (.text:MoveSlightRight)
                  000066bc    00000038     TivaC_GPIO_Config.obj (.text:UARTSetBaud)
                  000066f4    00000004     --HOLE-- [fill = 0]
                  000066f8    00000038     sysbios.aem4f : BIOS.obj (.text:ti_sysbios_family_arm_m3_Hwi_excNoIsr__I)
                  00006730    00000038                   : BIOS.obj (.text:ti_sysbios_knl_Task_processVitalTaskFlag__I)
                  00006768    00000038     ti.targets.arm.rtsarm.aem4f : SysMin.oem4f (.text:xdc_runtime_SysMin_putch__E)
                  000067a0    00000038                                 : System.oem4f (.text:xdc_runtime_System_atexit__E)
                  000067d8    00000036     Nokia_5110.obj (.text:LCDClear)
                  0000680e    00000036     Nokia_5110.obj (.text:LCDWriteStringInv)
                  00006844    00000034     driverlib.lib : sysctl.obj (.text:SysCtlPeripheralEnable)
                  00006878    00000034     sysbios.aem4f : BIOS.obj (.text:ti_sysbios_family_arm_m3_Hwi_excNmi__I)
                  000068ac    00000004     --HOLE-- [fill = 0]
                  000068b0    00000034                   : BIOS.obj (.text:ti_sysbios_hal_Hwi_checkStack)
                  000068e4    00000034     ti.targets.arm.rtsarm.aem4f : Core-label.oem4f (.text:xdc_runtime_Core_assignLabel__I)
                  00006918    00000033                                 : Text.oem4f (.text:xdc_runtime_Text_printVisFxn__I)
                  0000694b    00000005     --HOLE-- [fill = 0]
                  00006950    00000032     sysbios.aem4f : BIOS.obj (.text:ti_sysbios_hal_Hwi_initStack)
                  00006982    00000006     driverlib.lib : gpio.obj (.text:GPIOPinRead)
                  00006988    00000032     sysbios.aem4f : BIOS.obj (.text:ti_sysbios_knl_Semaphore_pendTimeout__I)
                  000069ba    00000002     --HOLE-- [fill = 0]
                  000069bc    00000030     TivaC_GPIO_Config.obj (.text:InterruptClear)
                  000069ec    00000030     TivaC_GPIO_Config.obj (.text:InterruptEnable)
                  00006a1c    00000030     main.obj (.text:MoveBackward)
                  00006a4c    00000030     main.obj (.text:MoveForward)
                  00006a7c    00000030     main.obj (.text:RotateLeft)
                  00006aac    00000030     main.obj (.text:RotateRight)
                  00006adc    00000030     app_pem4f.oem4f (.text:ti_sysbios_BIOS_atExitFunc__I)
                  00006b0c    00000004     --HOLE-- [fill = 0]
                  00006b10    00000030     sysbios.aem4f : BIOS.obj (.text:ti_sysbios_family_arm_m3_TaskSupport_start__E)
                  00006b40    00000030     app_pem4f.oem4f (.text:ti_sysbios_gates_GateHwi_Object__create__S)
                  00006b70    00000030     app_pem4f.oem4f (.text:ti_sysbios_gates_GateMutex_Object__create__S)
                  00006ba0    00000030     app_pem4f.oem4f (.text:ti_sysbios_heaps_HeapMem_Object__create__S)
                  00006bd0    00000030     app_pem4f.oem4f (.text:ti_sysbios_knl_Semaphore_construct)
                  00006c00    00000030     ti.targets.arm.rtsarm.aem4f : SysMin.oem4f (.text:xdc_runtime_SysMin_abort__E)
                  00006c30    00000030                                 : System.oem4f (.text:xdc_runtime_System_processAtExit__E)
                  00006c60    0000002e     driverlib.lib : adc.obj (.text:ADCIntStatus)
                  00006c8e    0000002e     rtsv7M4_T_le_v4SPD16_eabi.lib : i_tofd_t2.obj (.text)
                  00006cbc    0000002c     main.obj (.text:MoveLeft)
                  00006ce8    0000002c     main.obj (.text:MoveRight)
                  00006d14    0000002c     TivaC_GPIO_Config.obj (.text:UARTClearInt)
                  00006d40    0000002c     TivaC_GPIO_Config.obj (.text:UARTEnableInt)
                  00006d6c    0000002c     TivaC_GPIO_Config.obj (.text:UARTGetChar)
                  00006d98    0000002c     app_pem4f.oem4f (.text:ti_sysbios_knl_Clock_doTick__I)
                  00006dc4    0000002c     app_pem4f.oem4f (.text:ti_sysbios_knl_Queue_construct)
                  00006df0    0000002c     sysbios.aem4f : BIOS.obj (.text:ti_sysbios_knl_Task_restore__E)
                  00006e1c    0000002c     ti.targets.arm.rtsarm.aem4f : Text.oem4f (.text:xdc_runtime_Text_cordText__E)
                  00006e48    0000002a     driverlib.lib : gpio.obj (.text:GPIODirModeSet)
                  00006e72    0000002a     ti.targets.arm.rtsarm.aem4f : System.oem4f (.text:xdc_runtime_System_putchar__I)
                  00006e9c    00000004     --HOLE-- [fill = 0]
                  00006ea0    00000028     sysbios.aem4f : BIOS.obj (.text:ti_sysbios_knl_Swi_Module_startup__E)
                  00006ec8    00000026                   : m3_Hwi_asm.obj (.text:ti_sysbios_family_arm_m3_Hwi_pendSV__I)
                  00006eee    00000026     ti.targets.arm.rtsarm.aem4f : System.oem4f (.text:xdc_runtime_System_avprintf__E)
                  00006f14    00000004     --HOLE-- [fill = 0]
                  00006f18    00000024     sysbios.aem4f : BIOS.obj (.text:ti_sysbios_family_arm_m3_Hwi_doTaskRestore__I)
                  00006f3c    00000024     app_pem4f.oem4f (.text:ti_sysbios_gates_GateMutex_Object__delete__S)
                  00006f60    00000024     sysbios.aem4f : BIOS.obj (.text:ti_sysbios_knl_Clock_Module_startup__E)
                  00006f84    00000024     ti.targets.arm.rtsarm.aem4f : System.oem4f (.text:xdc_runtime_System_vprintf__E)
                  00006fa8    00000022     Nokia_5110.obj (.text:LCDSetContrast)
                  00006fca    00000022     driverlib.lib : pwm.obj (.text:PWMGenConfigure)
                  00006fec    00000004     --HOLE-- [fill = 0]
                  00006ff0    00000022     sysbios.aem4f : BIOS.obj (.text:ti_sysbios_family_arm_lm4_Timer_write__I)
                  00007012    00000022     app_pem4f.oem4f (.text:xdc_runtime_SysMin_output__I)
                  00007034    00000020     main.obj (.text:ADCSwiFunc)
                  00007054    00000020     rtsv7M4_T_le_v4SPD16_eabi.lib : u_tofd_t2.obj (.text)
                  00007074    00000020     app_pem4f.oem4f (.text:ti_sysbios_BIOS_errorRaiseHook__I)
                  00007094    00000020     app_pem4f.oem4f (.text:ti_sysbios_BIOS_startFunc__I)
                  000070b4    00000020     sysbios.aem4f : m3_Hwi_asm.obj (.text:ti_sysbios_family_arm_m3_Hwi_excHandlerAsm__I)
                  000070d4    00000004     --HOLE-- [fill = 0]
                  000070d8    00000020                   : BIOS.obj (.text:ti_sysbios_family_arm_m3_Hwi_excHandler__I)
                  000070f8    00000020     app_pem4f.oem4f (.text:ti_sysbios_gates_GateHwi_Object__delete__S)
                  00007118    00000020     app_pem4f.oem4f (.text:ti_sysbios_heaps_HeapMem_Object__delete__S)
                  00007138    00000020     sysbios.aem4f : BIOS.obj (.text:ti_sysbios_knl_Idle_run__E)
                  00007158    00000020     app_pem4f.oem4f (.text:ti_sysbios_knl_Semaphore_Object__destruct__S)
                  00007178    00000020     ti.targets.arm.rtsarm.aem4f : Registry.oem4f (.text:xdc_runtime_Registry_findById__E)
                  00007198    00000020                                 : SysMin.oem4f (.text:xdc_runtime_SysMin_Module_startup__E)
                  000071b8    0000001e     driverlib.lib : adc.obj (.text:ADCSequenceDataGet)
                  000071d6    0000001e                   : pwm.obj (.text:PWMPulseWidthSet)
                  000071f4    0000001e     sysbios.aem4f : m3_Hwi_asm_switch.obj (.text:ti_sysbios_family_xxx_Hwi_switchAndRunFunc)
                  00007212    0000001c     Nokia_5110.obj (.text:LCDWriteString)
                  0000722e    00000002     --HOLE-- [fill = 0]
                  00007230    0000001c     driverlib.lib : uart.obj (.text:UARTDisable)
                  0000724c    00000004     --HOLE-- [fill = 0]
                  00007250    0000001c     sysbios.aem4f : BIOS.obj (.text:ti_sysbios_gates_GateMutex_Instance_init__E)
                  0000726c    0000001c     app_pem4f.oem4f (.text:ti_sysbios_knl_Queue_Object__destruct__S)
                  00007288    0000001c     sysbios.aem4f : BIOS.obj (.text:ti_sysbios_knl_Task_enter__I)
                  000072a4    0000001c     ti.targets.arm.rtsarm.aem4f : Error.oem4f (.text:xdc_runtime_Error_raiseX__E)
                  000072c0    0000001c                                 : Memory.oem4f (.text:xdc_runtime_Memory_valloc__E)
                  000072dc    0000001c                                 : SysMin.oem4f (.text:xdc_runtime_SysMin_exit__E)
                  000072f8    0000001c                                 : System.oem4f (.text:xdc_runtime_System_abort__E)
                  00007314    0000001a     app_pem4f.oem4f (.text:ti_sysbios_family_arm_m3_Hwi_Handle__label__S)
                  0000732e    0000001a     app_pem4f.oem4f (.text:ti_sysbios_gates_GateHwi_Handle__label__S)
                  00007348    0000001a     app_pem4f.oem4f (.text:ti_sysbios_gates_GateMutex_Handle__label__S)
                  00007362    0000001a     app_pem4f.oem4f (.text:ti_sysbios_heaps_HeapMem_Handle__label__S)
                  0000737c    0000001a     app_pem4f.oem4f (.text:ti_sysbios_knl_Swi_Handle__label__S)
                  00007396    0000001a     app_pem4f.oem4f (.text:ti_sysbios_knl_Task_Handle__label__S)
                  000073b0    0000001a     app_pem4f.oem4f (.text:xdc_runtime_System_aprintf__E)
                  000073ca    0000001a     app_pem4f.oem4f (.text:xdc_runtime_System_printf__E)
                  000073e4    00000018     driverlib.lib : adc.obj (.text:ADCProcessorTrigger)
                  000073fc    00000018                   : gpio.obj (.text:GPIOPinTypeGPIOOutput)
                  00007414    00000018     rtsv7M4_T_le_v4SPD16_eabi.lib : args_main.obj (.text)
                  0000742c    00000018     app_pem4f.oem4f (.text:ti_sysbios_family_arm_lm4_Timer_Module__startupDone__F)
                  00007444    00000018     app_pem4f.oem4f (.text:ti_sysbios_family_arm_m3_Hwi_Module__startupDone__F)
                  0000745c    00000018     sysbios.aem4f : m3_TaskSupport_asm.obj (.text:ti_sysbios_family_arm_m3_TaskSupport_swap__E)
                  00007474    00000004     --HOLE-- [fill = 0]
                  00007478    00000018                   : BIOS.obj (.text:ti_sysbios_gates_GateMutex_leave__E)
                  00007490    00000018     ti.targets.arm.rtsarm.aem4f : Error.oem4f (.text:xdc_runtime_Error_check__E)
                  000074a8    00000018                                 : System.oem4f (.text:xdc_runtime_System_exit__E)
                  000074c0    00000018                                 : Text.oem4f (.text:xdc_runtime_Text_ropeText__E)
                  000074d8    00000014     driverlib.lib : sysctl.obj (.text:SysCtlPWMClockSet)
                  000074ec    00000014                   : uart.obj (.text:UARTEnable)
                  00007500    00000014     rtsv7M4_T_le_v4SPD16_eabi.lib : _lock.obj (.text)
                  00007514    00000014                                   : strcpy.obj (.text)
                  00007528    00000014                                   : strlen.obj (.text)
                  0000753c    00000014     app_pem4f.oem4f (.text:ti_sysbios_family_arm_m3_Hwi_Object__get__S)
                  00007550    00000014     sysbios.aem4f : BIOS.obj (.text:ti_sysbios_family_arm_m3_Hwi_switchFromBootStack__E)
                  00007564    00000014     app_pem4f.oem4f (.text:ti_sysbios_heaps_HeapMem_Object__get__S)
                  00007578    00000014     app_pem4f.oem4f (.text:ti_sysbios_knl_Swi_Object__get__S)
                  0000758c    00000012     driverlib.lib : gpio.obj (.text:GPIOPinTypeADC)
                  0000759e    00000012                   : gpio.obj (.text:GPIOPinTypeGPIOInput)
                  000075b0    00000012                   : gpio.obj (.text:GPIOPinTypePWM)
                  000075c2    00000012                   : gpio.obj (.text:GPIOPinTypeUART)
                  000075d4    00000012                   : pwm.obj (.text:PWMOutputState)
                  000075e6    00000012     app_pem4f.oem4f (.text:ti_sysbios_BIOS_exitFunc__I)
                  000075f8    00000012     sysbios.aem4f : BIOS.obj (.text:ti_sysbios_hal_Hwi_Module_startup__E)
                  0000760a    00000006     driverlib.lib : gpio.obj (.text:GPIOPinWrite)
                  00007610    00000012     sysbios.aem4f : BIOS.obj (.text:ti_sysbios_hal_Timer_Module_startup__E)
                  00007622    00000012     app_pem4f.oem4f (.text:xdc_runtime_Startup_exec__I)
                  00007634    00000010     main.obj (.text:ADCClockFunc)
                  00007644    00000010     driverlib.lib : pwm.obj (.text:PWMGenPeriodSet)
                  00007654    00000010     main.obj (.text:StartMoving)
                  00007664    00000010     main.obj (.text:StopMoving)
                  00007674    00000010     main.obj (.text:User_UART_Hwi)
                  00007684    00000004     --HOLE-- [fill = 0]
                  00007688    00000010     sysbios.aem4f : BIOS.obj (.text:ti_sysbios_BIOS_setThreadType__E)
                  00007698    00000010                   : BIOS.obj (.text:ti_sysbios_BIOS_start__E)
                  000076a8    00000010                   : m3_TaskSupport_asm.obj (.text:ti_sysbios_family_arm_m3_TaskSupport_glue)
                  000076b8    00000010                   : BIOS.obj (.text:ti_sysbios_gates_GateMutex_Instance_finalize__E)
                  000076c8    00000010                   : BIOS.obj (.text:ti_sysbios_knl_Semaphore_Instance_finalize__E)
                  000076d8    00000010                   : BIOS.obj (.text:ti_sysbios_knl_Swi_disable__E)
                  000076e8    00000010     app_pem4f.oem4f (.text:ti_sysbios_knl_Task_Object__get__S)
                  000076f8    00000010     sysbios.aem4f : BIOS.obj (.text:ti_sysbios_knl_Task_disable__E)
                  00007708    00000010     ti.targets.arm.rtsarm.aem4f : Gate.oem4f (.text:xdc_runtime_Gate_leaveSystem__E)
                  00007718    00000010                                 : Memory.oem4f (.text:xdc_runtime_Memory_free__E)
                  00007728    00000010                                 : SysMin.oem4f (.text:xdc_runtime_SysMin_ready__E)
                  00007738    00000010                                 : System.oem4f (.text:xdc_runtime_System_vsnprintf__E)
                  00007748    00000010     app_pem4f.oem4f (.text:xdc_runtime_Text_visitRope__I)
                  00007758    0000000e     driverlib.lib : adc.obj (.text:ADCSequenceDisable)
                  00007766    0000000e                   : adc.obj (.text:ADCSequenceEnable)
                  00007774    0000000e     rtsv7M4_T_le_v4SPD16_eabi.lib : copy_decompress_none.obj (.text:decompress:none)
                  00007782    00000006     driverlib.lib : sysctl.obj (.text:SysCtlDelay)
                  00007788    0000000e     sysbios.aem4f : BIOS.obj (.text:ti_sysbios_knl_Idle_loop__E)
                  00007796    00000002     --HOLE-- [fill = 0]
                  00007798    0000000e                   : BIOS.obj (.text:ti_sysbios_knl_Queue_empty__E)
                  000077a6    00000002     --HOLE-- [fill = 0]
                  000077a8    0000000c     app_pem4f.oem4f (.text:.bootCodeSection:ti_catalog_arm_cortexm4_tiva_ce_Boot_init__I)
                  000077b4    0000000c     driverlib.lib : gpio.obj (.text:GPIOIntEnable)
                  000077c0    0000000c     Nokia_5110.obj (.text:LCD_LED_OFF)
                  000077cc    0000000c     Nokia_5110.obj (.text:LCD_LED_ON)
                  000077d8    0000000c     driverlib.lib : pwm.obj (.text:PWMGenEnable)
                  000077e4    0000000c                   : uart.obj (.text:UARTCharsAvail)
                  000077f0    0000000c     rtsv7M4_T_le_v4SPD16_eabi.lib : copy_zero_init.obj (.text:decompress:ZI)
                  000077fc    00000004     --HOLE-- [fill = 0]
                  00007800    0000000c     sysbios.aem4f : BIOS.obj (.text:ti_sysbios_family_arm_lm4_Timer_getMaxTicks__E)
                  0000780c    00000004     --HOLE-- [fill = 0]
                  00007810    0000000c                   : BIOS.obj (.text:ti_sysbios_family_arm_m3_TaskSupport_checkStack__E)
                  0000781c    00000004     --HOLE-- [fill = 0]
                  00007820    0000000c                   : BIOS.obj (.text:ti_sysbios_gates_GateHwi_enter__E)
                  0000782c    0000000c     app_pem4f.oem4f (.text:ti_sysbios_knl_Queue_Object__get__S)
                  00007838    0000000c     ti.targets.arm.rtsarm.aem4f : Error.oem4f (.text:xdc_runtime_Error_init__E)
                  00007844    0000000c                                 : Gate.oem4f (.text:xdc_runtime_Gate_enterSystem__E)
                  00007850    0000000c                                 : Memory.oem4f (.text:xdc_runtime_Memory_calloc__E)
                  0000785c    0000000c                                 : Memory.oem4f (.text:xdc_runtime_Memory_getMaxDefaultTypeAlign__E)
                  00007868    0000000a     driverlib.lib : adc.obj (.text:ADCIntClear)
                  00007872    0000000a                   : uart.obj (.text:UARTCharGet)
                  0000787c    0000000a                   : uart.obj (.text:UARTCharPut)
                  00007886    0000000a     app_pem4f.oem4f (.text:xdc_runtime_IHeap_alloc)
                  00007890    0000000a     app_pem4f.oem4f (.text:xdc_runtime_IHeap_free)
                  0000789a    00000008     main.obj (.text:LCDClock)
                  000078a2    00000008     driverlib.lib : uart.obj (.text:UARTIntEnable)
                  000078aa    00000008     sysbios.aem4f : BIOS.obj (.text:ti_sysbios_family_arm_lm4_Timer_masterDisable__I)
                  000078b2    00000006     Boot.aem4f : Boot_sysctl.oem4f (.text:ti_catalog_arm_cortexm4_tiva_ce_Boot_sysCtlDelayI__I)
                  000078b8    00000008     sysbios.aem4f : BIOS.obj (.text:ti_sysbios_family_arm_m3_Hwi_doSwiRestore__I)
                  000078c0    00000008                   : BIOS.obj (.text:ti_sysbios_family_arm_m3_Hwi_startup__E)
                  000078c8    00000006                   : BIOS.obj (.text:ti_sysbios_gates_GateHwi_leave__E)
                  000078ce    00000002     --HOLE-- [fill = 0]
                  000078d0    00000006                   : BIOS.obj (.text:ti_sysbios_hal_Timer_start__E)
                  000078d6    00000002     --HOLE-- [fill = 0]
                  000078d8    00000006                   : BIOS.obj (.text:ti_sysbios_heaps_HeapMem_isBlocking__E)
                  000078de    00000002     --HOLE-- [fill = 0]
                  000078e0    00000006                   : BIOS.obj (.text:ti_sysbios_knl_Queue_Instance_init__E)
                  000078e6    00000006     ti.targets.arm.rtsarm.aem4f : System.oem4f (.text:xdc_runtime_System_Module_startup__E)
                  000078ec    00000004     --HOLE-- [fill = 0]
                  000078f0    00000004     sysbios.aem4f : BIOS.obj (.text:ti_sysbios_gates_GateHwi_query__E)
                  000078f4    00000004     --HOLE-- [fill = 0]
                  000078f8    00000004                   : BIOS.obj (.text:ti_sysbios_gates_GateMutex_query__E)
                  000078fc    00000004     --HOLE-- [fill = 0]
                  00007900    00000004                   : BIOS.obj (.text:ti_sysbios_knl_Task_startup__E)
                  00007904    00000004     --HOLE-- [fill = 0]
                  00007908    00000002                   : BIOS.obj (.text:ti_sysbios_gates_GateHwi_Instance_init__E)

.const     0    0000790c    00003518     
                  0000790c    000018df     app_pem4f.oem4f (.const:xdc_runtime_Text_charTab__A)
                  000091eb    000011b8     Nokia_5110.obj (.const:SmallCarAnimation)
                  0000a3a3    000001f8     Nokia_5110.obj (.const:.string:Face)
                  0000a59b    000001e0     Nokia_5110.obj (.const:ASCII)
                  0000a77b    00000001     app_pem4f.oem4f (.const:xdc_runtime_Error_policy__C)
                  0000a77c    000000c4     app_pem4f.oem4f (.const:xdc_runtime_Text_nodeTab__A)
                  0000a840    00000090     driverlib.lib : gpio.obj (.const:g_pui32GPIOBaseAddrs)
                  0000a8d0    0000006c                   : sysctl.obj (.const:g_pui32Xtals)
                  0000a93c    00000048     app_pem4f.oem4f (.const:.string)
                  0000a984    00000030     app_pem4f.oem4f (.const)
                  0000a9b4    00000028     app_pem4f.oem4f (.const:ti_sysbios_heaps_HeapMem_Module__FXNS__C)
                  0000a9dc    00000024     app_pem4f.oem4f (.const:ti_sysbios_gates_GateHwi_Module__FXNS__C)
                  0000aa00    00000024     app_pem4f.oem4f (.const:ti_sysbios_gates_GateMutex_Module__FXNS__C)
                  0000aa24    00000024     app_pem4f.oem4f (.const:ti_sysbios_heaps_HeapMem_Object__PARAMS__C)
                  0000aa48    00000024     app_pem4f.oem4f (.const:ti_sysbios_knl_Semaphore_Object__PARAMS__C)
                  0000aa6c    00000024     app_pem4f.oem4f (.const:xdc_runtime_Startup_sfxnTab__A)
                  0000aa90    00000020     app_pem4f.oem4f (.const:ti_sysbios_gates_GateHwi_Object__DESC__C)
                  0000aab0    00000020     app_pem4f.oem4f (.const:ti_sysbios_gates_GateMutex_Object__DESC__C)
                  0000aad0    00000020     app_pem4f.oem4f (.const:ti_sysbios_heaps_HeapMem_Object__DESC__C)
                  0000aaf0    00000020     app_pem4f.oem4f (.const:ti_sysbios_knl_Queue_Object__DESC__C)
                  0000ab10    00000020     app_pem4f.oem4f (.const:ti_sysbios_knl_Semaphore_Object__DESC__C)
                  0000ab30    00000018     app_pem4f.oem4f (.const:ti_sysbios_gates_GateHwi_Object__PARAMS__C)
                  0000ab48    00000018     app_pem4f.oem4f (.const:ti_sysbios_gates_GateMutex_Object__PARAMS__C)
                  0000ab60    00000018     app_pem4f.oem4f (.const:ti_sysbios_knl_Queue_Object__PARAMS__C)
                  0000ab78    00000014     app_pem4f.oem4f (.const:xdc_runtime_Startup_firstFxns__A)
                  0000ab8c    00000012     app_pem4f.oem4f (.const:xdc_runtime_Startup_sfxnRts__A)
                  0000ab9e    00000002     app_pem4f.oem4f (.const:ti_catalog_arm_cortexm4_tiva_ce_Boot_Module__id__C)
                  0000aba0    00000010     main.obj (.const)
                  0000abb0    0000000b     TivaC_GPIO_Config.obj (.const:.string:$P$T0$1)
                  0000abbb    00000008     Nokia_5110.obj (.const:.string:LCDMaskBytes)
                  0000abc3    00000001     --HOLE-- [fill = 0]
                  0000abc4    00000008     app_pem4f.oem4f (.const:ti_sysbios_family_arm_m3_Hwi_excHookFuncs__A)
                  0000abcc    00000008     app_pem4f.oem4f (.const:ti_sysbios_knl_Idle_funcList__C)
                  0000abd4    00000008     app_pem4f.oem4f (.const:xdc_runtime_Startup_firstFxns__C)
                  0000abdc    00000008     app_pem4f.oem4f (.const:xdc_runtime_Startup_lastFxns__C)
                  0000abe4    00000004     app_pem4f.oem4f (.const:ti_catalog_arm_cortexm4_tiva_ce_Boot_A_mustUseEnhancedClockMode__C)
                  0000abe8    00000004     app_pem4f.oem4f (.const:ti_catalog_arm_cortexm4_tiva_ce_Boot_Module__diagsEnabled__C)
                  0000abec    00000004     app_pem4f.oem4f (.const:ti_catalog_arm_cortexm4_tiva_ce_Boot_Module__diagsIncluded__C)
                  0000abf0    00000004     app_pem4f.oem4f (.const:ti_catalog_arm_cortexm4_tiva_ce_Boot_Module__diagsMask__C)
                  0000abf4    00000004     app_pem4f.oem4f (.const:ti_sysbios_family_arm_lm4_Timer_enableFunc__C)
                  0000abf8    00000004     app_pem4f.oem4f (.const:ti_sysbios_family_arm_lm4_Timer_numTimerDevices__C)
                  0000abfc    00000004     app_pem4f.oem4f (.const:ti_sysbios_family_arm_lm4_Timer_startupNeeded__C)
                  0000ac00    00000004     app_pem4f.oem4f (.const:ti_sysbios_family_arm_m3_Hwi_E_NMI__C)
                  0000ac04    00000004     app_pem4f.oem4f (.const:ti_sysbios_family_arm_m3_Hwi_E_busFault__C)
                  0000ac08    00000004     app_pem4f.oem4f (.const:ti_sysbios_family_arm_m3_Hwi_E_debugMon__C)
                  0000ac0c    00000004     app_pem4f.oem4f (.const:ti_sysbios_family_arm_m3_Hwi_E_hardFault__C)
                  0000ac10    00000004     app_pem4f.oem4f (.const:ti_sysbios_family_arm_m3_Hwi_E_memFault__C)
                  0000ac14    00000004     app_pem4f.oem4f (.const:ti_sysbios_family_arm_m3_Hwi_E_noIsr__C)
                  0000ac18    00000004     app_pem4f.oem4f (.const:ti_sysbios_family_arm_m3_Hwi_E_reserved__C)
                  0000ac1c    00000004     app_pem4f.oem4f (.const:ti_sysbios_family_arm_m3_Hwi_E_svCall__C)
                  0000ac20    00000004     app_pem4f.oem4f (.const:ti_sysbios_family_arm_m3_Hwi_E_usageFault__C)
                  0000ac24    00000004     app_pem4f.oem4f (.const:ti_sysbios_family_arm_m3_Hwi_LD_end__C)
                  0000ac28    00000004     app_pem4f.oem4f (.const:ti_sysbios_family_arm_m3_Hwi_LM_begin__C)
                  0000ac2c    00000004     app_pem4f.oem4f (.const:ti_sysbios_family_arm_m3_Hwi_Module__diagsEnabled__C)
                  0000ac30    00000004     app_pem4f.oem4f (.const:ti_sysbios_family_arm_m3_Hwi_Module__diagsIncluded__C)
                  0000ac34    00000004     app_pem4f.oem4f (.const:ti_sysbios_family_arm_m3_Hwi_Module__diagsMask__C)
                  0000ac38    00000004     app_pem4f.oem4f (.const:ti_sysbios_family_arm_m3_Hwi_Module__loggerFxn1__C)
                  0000ac3c    00000004     app_pem4f.oem4f (.const:ti_sysbios_family_arm_m3_Hwi_Module__loggerFxn8__C)
                  0000ac40    00000004     app_pem4f.oem4f (.const:ti_sysbios_family_arm_m3_Hwi_Module__loggerObj__C)
                  0000ac44    00000004     app_pem4f.oem4f (.const:ti_sysbios_family_arm_m3_Hwi_NUM_INTERRUPTS__C)
                  0000ac48    00000004     app_pem4f.oem4f (.const:ti_sysbios_family_arm_m3_Hwi_Object__count__C)
                  0000ac4c    00000004     app_pem4f.oem4f (.const:ti_sysbios_family_arm_m3_Hwi_ccr__C)
                  0000ac50    00000004     app_pem4f.oem4f (.const:ti_sysbios_family_arm_m3_Hwi_excHandlerFunc__C)
                  0000ac54    00000004     app_pem4f.oem4f (.const:ti_sysbios_family_arm_m3_Hwi_excHookFuncs__C)
                  0000ac58    00000004     app_pem4f.oem4f (.const:ti_sysbios_family_arm_m3_Hwi_nullIsrFunc__C)
                  0000ac5c    00000004     app_pem4f.oem4f (.const:ti_sysbios_family_arm_m3_Hwi_priGroup__C)
                  0000ac60    00000004     app_pem4f.oem4f (.const:ti_sysbios_gates_GateMutex_A_badContext__C)
                  0000ac64    00000004     app_pem4f.oem4f (.const:ti_sysbios_gates_GateMutex_Instance_State_sem__O)
                  0000ac68    00000004     app_pem4f.oem4f (.const:ti_sysbios_gates_GateMutex_Module__diagsEnabled__C)
                  0000ac6c    00000004     app_pem4f.oem4f (.const:ti_sysbios_gates_GateMutex_Module__diagsIncluded__C)
                  0000ac70    00000004     app_pem4f.oem4f (.const:ti_sysbios_gates_GateMutex_Module__diagsMask__C)
                  0000ac74    00000004     app_pem4f.oem4f (.const:ti_sysbios_hal_Hwi_E_stackOverflow__C)
                  0000ac78    00000004     app_pem4f.oem4f (.const:ti_sysbios_heaps_HeapMem_A_align__C)
                  0000ac7c    00000004     app_pem4f.oem4f (.const:ti_sysbios_heaps_HeapMem_A_heapSize__C)
                  0000ac80    00000004     app_pem4f.oem4f (.const:ti_sysbios_heaps_HeapMem_A_invalidFree__C)
                  0000ac84    00000004     app_pem4f.oem4f (.const:ti_sysbios_heaps_HeapMem_A_zeroBlock__C)
                  0000ac88    00000004     app_pem4f.oem4f (.const:ti_sysbios_heaps_HeapMem_E_memory__C)
                  0000ac8c    00000004     app_pem4f.oem4f (.const:ti_sysbios_heaps_HeapMem_Module__diagsEnabled__C)
                  0000ac90    00000004     app_pem4f.oem4f (.const:ti_sysbios_heaps_HeapMem_Module__diagsIncluded__C)
                  0000ac94    00000004     app_pem4f.oem4f (.const:ti_sysbios_heaps_HeapMem_Module__diagsMask__C)
                  0000ac98    00000004     app_pem4f.oem4f (.const:ti_sysbios_heaps_HeapMem_Module__gateObj__C)
                  0000ac9c    00000004     app_pem4f.oem4f (.const:ti_sysbios_heaps_HeapMem_Object__count__C)
                  0000aca0    00000004     app_pem4f.oem4f (.const:ti_sysbios_heaps_HeapMem_reqAlign__C)
                  0000aca4    00000004     app_pem4f.oem4f (.const:ti_sysbios_knl_Clock_LM_begin__C)
                  0000aca8    00000004     app_pem4f.oem4f (.const:ti_sysbios_knl_Clock_LM_tick__C)
                  0000acac    00000004     app_pem4f.oem4f (.const:ti_sysbios_knl_Clock_LW_delayed__C)
                  0000acb0    00000004     app_pem4f.oem4f (.const:ti_sysbios_knl_Clock_Module_State_clockQ__O)
                  0000acb4    00000004     app_pem4f.oem4f (.const:ti_sysbios_knl_Clock_Module__diagsEnabled__C)
                  0000acb8    00000004     app_pem4f.oem4f (.const:ti_sysbios_knl_Clock_Module__diagsIncluded__C)
                  0000acbc    00000004     app_pem4f.oem4f (.const:ti_sysbios_knl_Clock_Module__diagsMask__C)
                  0000acc0    00000004     app_pem4f.oem4f (.const:ti_sysbios_knl_Clock_Module__loggerFxn1__C)
                  0000acc4    00000004     app_pem4f.oem4f (.const:ti_sysbios_knl_Clock_Module__loggerFxn2__C)
                  0000acc8    00000004     app_pem4f.oem4f (.const:ti_sysbios_knl_Clock_Module__loggerObj__C)
                  0000accc    00000004     app_pem4f.oem4f (.const:ti_sysbios_knl_Idle_funcList__A)
                  0000acd0    00000004     app_pem4f.oem4f (.const:ti_sysbios_knl_Semaphore_A_badContext__C)
                  0000acd4    00000004     app_pem4f.oem4f (.const:ti_sysbios_knl_Semaphore_A_noEvents__C)
                  0000acd8    00000004     app_pem4f.oem4f (.const:ti_sysbios_knl_Semaphore_A_overflow__C)
                  0000acdc    00000004     app_pem4f.oem4f (.const:ti_sysbios_knl_Semaphore_A_pendTaskDisabled__C)
                  0000ace0    00000004     app_pem4f.oem4f (.const:ti_sysbios_knl_Semaphore_Instance_State_pendQ__O)
                  0000ace4    00000004     app_pem4f.oem4f (.const:ti_sysbios_knl_Semaphore_LM_pend__C)
                  0000ace8    00000004     app_pem4f.oem4f (.const:ti_sysbios_knl_Semaphore_LM_post__C)
                  0000acec    00000004     app_pem4f.oem4f (.const:ti_sysbios_knl_Semaphore_Module__diagsEnabled__C)
                  0000acf0    00000004     app_pem4f.oem4f (.const:ti_sysbios_knl_Semaphore_Module__diagsIncluded__C)
                  0000acf4    00000004     app_pem4f.oem4f (.const:ti_sysbios_knl_Semaphore_Module__diagsMask__C)
                  0000acf8    00000004     app_pem4f.oem4f (.const:ti_sysbios_knl_Semaphore_Module__loggerFxn2__C)
                  0000acfc    00000004     app_pem4f.oem4f (.const:ti_sysbios_knl_Semaphore_Module__loggerFxn4__C)
                  0000ad00    00000004     app_pem4f.oem4f (.const:ti_sysbios_knl_Semaphore_Module__loggerObj__C)
                  0000ad04    00000004     app_pem4f.oem4f (.const:ti_sysbios_knl_Swi_LD_end__C)
                  0000ad08    00000004     app_pem4f.oem4f (.const:ti_sysbios_knl_Swi_LM_begin__C)
                  0000ad0c    00000004     app_pem4f.oem4f (.const:ti_sysbios_knl_Swi_LM_post__C)
                  0000ad10    00000004     app_pem4f.oem4f (.const:ti_sysbios_knl_Swi_Module__diagsEnabled__C)
                  0000ad14    00000004     app_pem4f.oem4f (.const:ti_sysbios_knl_Swi_Module__diagsIncluded__C)
                  0000ad18    00000004     app_pem4f.oem4f (.const:ti_sysbios_knl_Swi_Module__diagsMask__C)
                  0000ad1c    00000004     app_pem4f.oem4f (.const:ti_sysbios_knl_Swi_Module__loggerFxn1__C)
                  0000ad20    00000004     app_pem4f.oem4f (.const:ti_sysbios_knl_Swi_Module__loggerFxn4__C)
                  0000ad24    00000004     app_pem4f.oem4f (.const:ti_sysbios_knl_Swi_Module__loggerObj__C)
                  0000ad28    00000004     app_pem4f.oem4f (.const:ti_sysbios_knl_Swi_Object__count__C)
                  0000ad2c    00000004     app_pem4f.oem4f (.const:ti_sysbios_knl_Task_E_spOutOfBounds__C)
                  0000ad30    00000004     app_pem4f.oem4f (.const:ti_sysbios_knl_Task_E_stackOverflow__C)
                  0000ad34    00000004     app_pem4f.oem4f (.const:ti_sysbios_knl_Task_LD_block__C)
                  0000ad38    00000004     app_pem4f.oem4f (.const:ti_sysbios_knl_Task_LD_exit__C)
                  0000ad3c    00000004     app_pem4f.oem4f (.const:ti_sysbios_knl_Task_LD_ready__C)
                  0000ad40    00000004     app_pem4f.oem4f (.const:ti_sysbios_knl_Task_LM_switch__C)
                  0000ad44    00000004     app_pem4f.oem4f (.const:ti_sysbios_knl_Task_Module_State_inactiveQ__O)
                  0000ad48    00000004     app_pem4f.oem4f (.const:ti_sysbios_knl_Task_Module__diagsEnabled__C)
                  0000ad4c    00000004     app_pem4f.oem4f (.const:ti_sysbios_knl_Task_Module__diagsIncluded__C)
                  0000ad50    00000004     app_pem4f.oem4f (.const:ti_sysbios_knl_Task_Module__diagsMask__C)
                  0000ad54    00000004     app_pem4f.oem4f (.const:ti_sysbios_knl_Task_Module__loggerFxn2__C)
                  0000ad58    00000004     app_pem4f.oem4f (.const:ti_sysbios_knl_Task_Module__loggerFxn4__C)
                  0000ad5c    00000004     app_pem4f.oem4f (.const:ti_sysbios_knl_Task_Module__loggerObj__C)
                  0000ad60    00000004     app_pem4f.oem4f (.const:ti_sysbios_knl_Task_Object__count__C)
                  0000ad64    00000004     app_pem4f.oem4f (.const:ti_sysbios_knl_Task_allBlockedFunc__C)
                  0000ad68    00000004     app_pem4f.oem4f (.const:ti_sysbios_knl_Task_numConstructedTasks__C)
                  0000ad6c    00000004     app_pem4f.oem4f (.const:xdc_runtime_Assert_E_assertFailed__C)
                  0000ad70    00000004     app_pem4f.oem4f (.const:xdc_runtime_Core_A_initializedParams__C)
                  0000ad74    00000004     app_pem4f.oem4f (.const:xdc_runtime_Core_Module__diagsEnabled__C)
                  0000ad78    00000004     app_pem4f.oem4f (.const:xdc_runtime_Core_Module__diagsIncluded__C)
                  0000ad7c    00000004     app_pem4f.oem4f (.const:xdc_runtime_Core_Module__diagsMask__C)
                  0000ad80    00000004     app_pem4f.oem4f (.const:xdc_runtime_Error_E_memory__C)
                  0000ad84    00000004     app_pem4f.oem4f (.const:xdc_runtime_Error_Module__diagsEnabled__C)
                  0000ad88    00000004     app_pem4f.oem4f (.const:xdc_runtime_Error_Module__diagsIncluded__C)
                  0000ad8c    00000004     app_pem4f.oem4f (.const:xdc_runtime_Error_Module__diagsMask__C)
                  0000ad90    00000004     app_pem4f.oem4f (.const:xdc_runtime_Error_Module__loggerFxn8__C)
                  0000ad94    00000004     app_pem4f.oem4f (.const:xdc_runtime_Error_Module__loggerObj__C)
                  0000ad98    00000004     app_pem4f.oem4f (.const:xdc_runtime_Error_policyFxn__C)
                  0000ad9c    00000004     app_pem4f.oem4f (.const:xdc_runtime_Error_raiseHook__C)
                  0000ada0    00000004     app_pem4f.oem4f (.const:xdc_runtime_IGateProvider_Interface__BASE__C)
                  0000ada4    00000004     app_pem4f.oem4f (.const:xdc_runtime_IHeap_Interface__BASE__C)
                  0000ada8    00000004     app_pem4f.oem4f (.const:xdc_runtime_IModule_Interface__BASE__C)
                  0000adac    00000004     app_pem4f.oem4f (.const:xdc_runtime_Log_L_error__C)
                  0000adb0    00000004     app_pem4f.oem4f (.const:xdc_runtime_Memory_defaultHeapInstance__C)
                  0000adb4    00000004     app_pem4f.oem4f (.const:xdc_runtime_Startup_execImpl__C)
                  0000adb8    00000004     app_pem4f.oem4f (.const:xdc_runtime_Startup_maxPasses__C)
                  0000adbc    00000004     app_pem4f.oem4f (.const:xdc_runtime_Startup_sfxnRts__C)
                  0000adc0    00000004     app_pem4f.oem4f (.const:xdc_runtime_Startup_sfxnTab__C)
                  0000adc4    00000004     app_pem4f.oem4f (.const:xdc_runtime_SysMin_bufSize__C)
                  0000adc8    00000004     app_pem4f.oem4f (.const:xdc_runtime_SysMin_outputFunc__C)
                  0000adcc    00000004     app_pem4f.oem4f (.const:xdc_runtime_System_Module__gateObj__C)
                  0000add0    00000004     app_pem4f.oem4f (.const:xdc_runtime_System_abortFxn__C)
                  0000add4    00000004     app_pem4f.oem4f (.const:xdc_runtime_System_exitFxn__C)
                  0000add8    00000004     app_pem4f.oem4f (.const:xdc_runtime_System_extendFxn__C)
                  0000addc    00000004     app_pem4f.oem4f (.const:xdc_runtime_System_maxAtexitHandlers__C)
                  0000ade0    00000004     app_pem4f.oem4f (.const:xdc_runtime_Text_charTab__C)
                  0000ade4    00000004     app_pem4f.oem4f (.const:xdc_runtime_Text_nameEmpty__C)
                  0000ade8    00000004     app_pem4f.oem4f (.const:xdc_runtime_Text_nameStatic__C)
                  0000adec    00000004     app_pem4f.oem4f (.const:xdc_runtime_Text_nameUnknown__C)
                  0000adf0    00000004     app_pem4f.oem4f (.const:xdc_runtime_Text_nodeTab__C)
                  0000adf4    00000004     app_pem4f.oem4f (.const:xdc_runtime_Text_visitRopeFxn__C)
                  0000adf8    00000002     app_pem4f.oem4f (.const:ti_sysbios_family_arm_m3_Hwi_Module__id__C)
                  0000adfa    00000002     app_pem4f.oem4f (.const:ti_sysbios_family_arm_m3_Hwi_Module__loggerDefined__C)
                  0000adfc    00000002     app_pem4f.oem4f (.const:ti_sysbios_gates_GateMutex_Module__id__C)
                  0000adfe    00000002     app_pem4f.oem4f (.const:ti_sysbios_hal_Hwi_Module__id__C)
                  0000ae00    00000002     app_pem4f.oem4f (.const:ti_sysbios_heaps_HeapMem_Module__id__C)
                  0000ae02    00000002     app_pem4f.oem4f (.const:ti_sysbios_knl_Clock_Module__id__C)
                  0000ae04    00000002     app_pem4f.oem4f (.const:ti_sysbios_knl_Clock_Module__loggerDefined__C)
                  0000ae06    00000002     app_pem4f.oem4f (.const:ti_sysbios_knl_Semaphore_Module__id__C)
                  0000ae08    00000002     app_pem4f.oem4f (.const:ti_sysbios_knl_Semaphore_Module__loggerDefined__C)
                  0000ae0a    00000002     app_pem4f.oem4f (.const:ti_sysbios_knl_Swi_Module__id__C)
                  0000ae0c    00000002     app_pem4f.oem4f (.const:ti_sysbios_knl_Swi_Module__loggerDefined__C)
                  0000ae0e    00000002     app_pem4f.oem4f (.const:ti_sysbios_knl_Task_Module__id__C)
                  0000ae10    00000002     app_pem4f.oem4f (.const:ti_sysbios_knl_Task_Module__loggerDefined__C)
                  0000ae12    00000002     app_pem4f.oem4f (.const:xdc_runtime_Core_Module__id__C)
                  0000ae14    00000002     app_pem4f.oem4f (.const:xdc_runtime_Error_Module__loggerDefined__C)
                  0000ae16    00000002     app_pem4f.oem4f (.const:xdc_runtime_Error_maxDepth__C)
                  0000ae18    00000002     app_pem4f.oem4f (.const:xdc_runtime_Memory_Module__id__C)
                  0000ae1a    00000002     app_pem4f.oem4f (.const:xdc_runtime_SysMin_flushAtExit__C)
                  0000ae1c    00000002     app_pem4f.oem4f (.const:xdc_runtime_Text_charCnt__C)
                  0000ae1e    00000002     app_pem4f.oem4f (.const:xdc_runtime_Text_isLoaded__C)
                  0000ae20    00000002     app_pem4f.oem4f (.const:xdc_runtime_Text_registryModsLastId__C)
                  0000ae22    00000002     app_pem4f.oem4f (.const:xdc_runtime_Text_unnamedModsLastId__C)

.cinit     0    0000ae28    000002b8     
                  0000ae28    00000281     (.cinit..data.load) [load image, compression = lzss]
                  0000b0a9    00000003     --HOLE-- [fill = 0]
                  0000b0ac    0000000c     (__TI_handler_table)
                  0000b0b8    00000008     (.cinit..bss.load) [load image, compression = zero_init]
                  0000b0c0    00000008     (.cinit..vecs.load) [load image, compression = zero_init]
                  0000b0c8    00000018     (__TI_cinit_table)

.init_array 
*          0    00000000    00000000     UNINITIALIZED

.resetVecs 
*          0    00000000    0000003c     
                  00000000    0000003c     app_pem4f.oem4f (.resetVecs)

.vecs      0    20000000    00000360     UNINITIALIZED
                  20000000    00000360     app_pem4f.oem4f (.vecs)

.bss       0    20000360    00001553     UNINITIALIZED
                  20000360    00000800     app_pem4f.oem4f (.bss:taskStackSection)
                  20000b60    00000800     (.common:ti_sysbios_heaps_HeapMem_Instance_State_0_buf__A)
                  20001360    00000360     (.common:ti_sysbios_family_arm_m3_Hwi_dispatchTable)
                  200016c0    00000120     rtsv7M4_T_le_v4SPD16_eabi.lib : trgmsg.obj (.bss:_CIOBUF_)
                  200017e0    00000080     (.common:xdc_runtime_SysMin_Module_State_0_outbuf__A)
                  20001860    00000014     (.common:StringBuff)
                  20001874    00000008                                   : trgdrv.obj (.bss:parmbuf)
                  2000187c    00000004     (.common:ADCBase)
                  20001880    00000004     (.common:PWMui32Base)
                  20001884    00000004     (.common:PWMui32Gen)
                  20001888    00000004     (.common:PWMui32Peripheral)
                  2000188c    00000004     (.common:PWMui32PinConfig)
                  20001890    00000004     (.common:UARTui32Base)
                  20001894    00000004     (.common:UARTui32Peripheral)
                  20001898    00000004     (.common:UARTui32PinConfig)
                  2000189c    00000004     (.common:channel)
                  200018a0    00000004     (.common:ui32PWMOut)
                  200018a4    00000004     (.common:ui32PWMOutBits)
                  200018a8    00000004     (.common:ui32Peripheral)
                  200018ac    00000004     (.common:ui32Port)
                  200018b0    00000001     main.obj (.bss)
                  200018b1    00000001     (.common:CharBuff)
                  200018b2    00000001     (.common:ui8Pins)

.stack     0    200018b4    00000800     UNINITIALIZED
                  200018b4    00000800     --HOLE--

.data      0    200020b4    00000604     UNINITIALIZED
                  200020b4    000000e4     app_pem4f.oem4f (.data:ti_sysbios_knl_Task_Object__table__V)
                  20002198    00000080     app_pem4f.oem4f (.data:ti_sysbios_family_arm_lm4_Timer_Object__table__V)
                  20002218    00000080     app_pem4f.oem4f (.data:ti_sysbios_knl_Swi_Module_State_0_readyQ__A)
                  20002298    00000080     app_pem4f.oem4f (.data:ti_sysbios_knl_Task_Module_State_0_readyQ__A)
                  20002318    00000078     app_pem4f.oem4f (.data:ti_sysbios_family_arm_m3_Hwi_Object__table__V)
                  20002390    00000060     app_pem4f.oem4f (.data:ti_sysbios_knl_Clock_Object__table__V)
                  200023f0    00000060     app_pem4f.oem4f (.data:ti_sysbios_knl_Swi_Object__table__V)
                  20002450    00000044     app_pem4f.oem4f (.data:ti_sysbios_knl_Task_Module__state__V)
                  20002494    00000034     app_pem4f.oem4f (.data:ti_sysbios_family_arm_m3_Hwi_Module__state__V)
                  200024c8    00000030     app_pem4f.oem4f (.data:ti_sysbios_family_arm_lm4_Timer_Module_State_0_device__A)
                  200024f8    0000002c     app_pem4f.oem4f (.data:ti_sysbios_knl_Clock_Module__state__V)
                  20002524    00000028     app_pem4f.oem4f (.data:ti_sysbios_knl_Semaphore_Object__table__V)
                  2000254c    00000024     TivaC_GPIO_Config.obj (.data:ADCSetupInfo)
                  20002570    00000024     app_pem4f.oem4f (.data:ti_sysbios_BIOS_Module__state__V)
                  20002594    0000001c     main.obj (.data)
                  200025b0    0000001c     app_pem4f.oem4f (.data:ti_sysbios_gates_GateMutex_Object__table__V)
                  200025cc    0000001c     app_pem4f.oem4f (.data:ti_sysbios_knl_Swi_Module__state__V)
                  200025e8    00000018     app_pem4f.oem4f (.data:ti_sysbios_family_arm_lm4_Timer_Module_State_0_handles__A)
                  20002600    00000018     app_pem4f.oem4f (.data:ti_sysbios_heaps_HeapMem_Object__table__V)
                  20002618    0000000c     rtsv7M4_T_le_v4SPD16_eabi.lib : exit.obj (.data:$O1$$)
                  20002624    0000000c     app_pem4f.oem4f (.data:ti_sysbios_family_arm_lm4_Timer_Module__state__V)
                  20002630    0000000c     app_pem4f.oem4f (.data:xdc_runtime_SysMin_Module__state__V)
                  2000263c    00000008     rtsv7M4_T_le_v4SPD16_eabi.lib : _lock.obj (.data:$O1$$)
                  20002644    00000008     app_pem4f.oem4f (.data:ti_sysbios_gates_GateHwi_Module__root__V)
                  2000264c    00000008     app_pem4f.oem4f (.data:ti_sysbios_gates_GateMutex_Module__root__V)
                  20002654    00000008     app_pem4f.oem4f (.data:ti_sysbios_hal_Timer_Object__table__V)
                  2000265c    00000008     app_pem4f.oem4f (.data:ti_sysbios_heaps_HeapMem_Module__root__V)
                  20002664    00000008     app_pem4f.oem4f (.data:ti_sysbios_knl_Queue_Module__root__V)
                  2000266c    00000008     app_pem4f.oem4f (.data:ti_sysbios_knl_Semaphore_Module__root__V)
                  20002674    00000008     app_pem4f.oem4f (.data:xdc_runtime_Registry_Module__state__V)
                  2000267c    00000008     app_pem4f.oem4f (.data:xdc_runtime_Startup_Module__state__V)
                  20002684    00000008     app_pem4f.oem4f (.data:xdc_runtime_System_Module_State_0_atexitHandlers__A)
                  2000268c    00000008     app_pem4f.oem4f (.data:xdc_runtime_System_Module__state__V)
                  20002694    00000005     TivaC_GPIO_Config.obj (.data)
                  20002699    00000003     Nokia_5110.obj (.data)
                  2000269c    00000004     rtsv7M4_T_le_v4SPD16_eabi.lib : stkdepth_vars.obj (.data)
                  200026a0    00000004     app_pem4f.oem4f (.data:ti_sysbios_family_arm_m3_Hwi_Module_State_0_excContext__A)
                  200026a4    00000004     app_pem4f.oem4f (.data:ti_sysbios_family_arm_m3_Hwi_Module_State_0_excStack__A)
                  200026a8    00000004     app_pem4f.oem4f (.data:ti_sysbios_gates_GateHwi_Object__table__V)
                  200026ac    00000004     app_pem4f.oem4f (.data:ti_sysbios_knl_Task_Module_State_0_idleTask__A)
                  200026b0    00000004     app_pem4f.oem4f (.data:xdc_runtime_Memory_Module__state__V)
                  200026b4    00000002     app_pem4f.oem4f (.data:ti_sysbios_family_arm_m3_Hwi_Module_State_0_excActive__A)
                  200026b6    00000002     app_pem4f.oem4f (.data:xdc_runtime_Error_Module__state__V)

.bootVecs 
*          0    00000000    00000008     DSECT
                  00000000    00000008     boot.aem4f : boot.oem4f (.bootVecs)

xdc.meta   0    00000000    000000f6     COPY SECTION
                  00000000    000000f6     app_pem4f.oem4f (xdc.meta)

MODULE SUMMARY

       Module                     code    ro data   rw data
       ------                     ----    -------   -------
    .\
       Nokia_5110.obj             1024    5528      3      
       TivaC_GPIO_Config.obj      5058    11        115    
       main.obj                   2703    16        29     
    +--+--------------------------+-------+---------+---------+
       Total:                     8785    5555      147    
                                                           
    C:\Users\Alamin\Documents\CCStudio\EmbrededSystem_Robot\RobotV5\Debug\configPkg\package\cfg\
       app_pem4f.oem4f            1300    7844      7396   
    +--+--------------------------+-------+---------+---------+
       Total:                     1300    7844      7396   
                                                           
    C:/ti/tirtos_tivac_2_16_01_14/products/TivaWare_C_Series-2.1.1.71b/driverlib/ccs/Debug/driverlib.lib
       gpio.obj                   544     144       0      
       sysctl.obj                 346     108       0      
       adc.obj                    322     0         0      
       uart.obj                   158     0         0      
       pwm.obj                    110     0         0      
    +--+--------------------------+-------+---------+---------+
       Total:                     1480    252       0      
                                                           
    C:\Users\Alamin\Documents\CCStudio\EmbrededSystem_Robot\RobotV5\src\sysbios\sysbios.aem4f
       BIOS.obj                   11812   0         0      
       m3_Hwi_asm.obj             314     0         0      
       m3_TaskSupport_asm.obj     180     0         0      
       m3_Hwi_asm_switch.obj      118     0         0      
    +--+--------------------------+-------+---------+---------+
       Total:                     12424   0         0      
                                                           
    C:\ti\ccsv7\tools\compiler\ti-cgt-arm_16.9.0.LTS\lib\rtsv7M4_T_le_v4SPD16_eabi.lib
       trgdrv.obj                 804     0         8      
       trgmsg.obj                 104     0         288    
       fd_mul_t2.obj              252     0         0      
       memcpy_t2.obj              156     0         0      
       fd_cmp_t2.obj              134     0         0      
       memset_t2.obj              122     0         0      
       copy_decompress_lzss.obj   104     0         0      
       exit.obj                   84      0         12     
       cpy_tbl.obj                76      0         0      
       u_divt2.obj                64      0         0      
       i_tofd_t2.obj              46      0         0      
       u_tofd_t2.obj              32      0         0      
       _lock.obj                  20      0         8      
       args_main.obj              24      0         0      
       strcpy.obj                 20      0         0      
       strlen.obj                 20      0         0      
       copy_decompress_none.obj   14      0         0      
       copy_zero_init.obj         12      0         0      
       stkdepth_vars.obj          0       0         4      
       i_div0.obj                 2       0         0      
    +--+--------------------------+-------+---------+---------+
       Total:                     2090    0         320    
                                                           
    C:\ti\tirtos_tivac_2_16_01_14\products\bios_6_45_02_31\packages\ti\catalog\arm\cortexm4\tiva\ce\lib\Boot.aem4f
       Boot_sysctl.oem4f          262     0         0      
       Boot.oem4f                 152     0         0      
    +--+--------------------------+-------+---------+---------+
       Total:                     414     0         0      
                                                           
    C:\ti\tirtos_tivac_2_16_01_14\products\bios_6_45_02_31\packages\ti\targets\arm\rtsarm\lib\auto_init.aem4f
       auto_init.oem4f            160     0         0      
    +--+--------------------------+-------+---------+---------+
       Total:                     160     0         0      
                                                           
    C:\ti\tirtos_tivac_2_16_01_14\products\bios_6_45_02_31\packages\ti\targets\arm\rtsarm\lib\boot.aem4f
       boot.oem4f                 88      0         0      
    +--+--------------------------+-------+---------+---------+
       Total:                     88      0         0      
                                                           
    C:\ti\tirtos_tivac_2_16_01_14\products\bios_6_45_02_31\packages\ti\targets\arm\rtsarm\lib\ti.targets.arm.rtsarm.aem4f
       System.oem4f               1255    0         0      
       Text.oem4f                 672     0         0      
       Error.oem4f                524     0         0      
       Core-mem.oem4f             358     0         0      
       Startup.oem4f              328     0         0      
       SysMin.oem4f               248     0         0      
       Core-smem.oem4f            204     0         0      
       Memory.oem4f               176     0         0      
       Assert.oem4f               84      0         0      
       Core-params.oem4f          70      0         0      
       Core-label.oem4f           52      0         0      
       Registry.oem4f             32      0         0      
       Gate.oem4f                 28      0         0      
    +--+--------------------------+-------+---------+---------+
       Total:                     4031    0         0      
                                                           
       Stack:                     0       0         2048   
       Linker Generated:          0       693       0      
    +--+--------------------------+-------+---------+---------+
       Grand Total:               30772   14344     9911   


LINKER GENERATED COPY TABLES

__TI_cinit_table @ 0000b0c8 records: 3, size/record: 8, table size: 24
	.data: load addr=0000ae28, load size=00000281 bytes, run addr=200020b4, run size=00000604 bytes, compression=lzss
	.bss: load addr=0000b0b8, load size=00000008 bytes, run addr=20000360, run size=00001553 bytes, compression=zero_init
	.vecs: load addr=0000b0c0, load size=00000008 bytes, run addr=20000000, run size=00000360 bytes, compression=zero_init


LINKER GENERATED HANDLER TABLE

__TI_handler_table @ 0000b0ac records: 3, size/record: 4, table size: 12
	index: 0, handler: __TI_decompress_lzss
	index: 1, handler: __TI_decompress_none
	index: 2, handler: __TI_zero_init


GLOBAL SYMBOLS: SORTED ALPHABETICALLY BY Name 

address   name                                                              
-------   ----                                                              
0000434d  ADC0Setup                                                         
2000187c  ADCBase                                                           
0000a984  ADCClock                                                          
00007635  ADCClockFunc                                                      
00007869  ADCIntClear                                                       
00006c61  ADCIntStatus                                                      
00004051  ADCPinInfo                                                        
000046cd  ADCPrintUART0                                                     
000073e5  ADCProcessorTrigger                                               
00003d29  ADCRead                                                           
00006431  ADCSequenceConfigure                                              
000071b9  ADCSequenceDataGet                                                
00007759  ADCSequenceDisable                                                
00007767  ADCSequenceEnable                                                 
00005265  ADCSequenceStepConfigure                                          
2000254c  ADCSetupInfo                                                      
0000a998  ADCSwi                                                            
00007035  ADCSwiFunc                                                        
0000a98c  Bluetooth_UART                                                    
00004da5  Bluetooth_UART_Hwi                                                
00005a01  C$$EXIT                                                           
0000560b  C$$IO$$                                                           
200018b1  CharBuff                                                          
000015fd  Contrler_Task                                                     
00005afd  DefaultBluetoothSetup                                             
00006e49  GPIODirModeSet                                                    
00003b75  GPIOInit                                                          
000056ab  GPIOIntClear                                                      
000077b5  GPIOIntEnable                                                     
00003021  GPIOPadConfigSet                                                  
00005f9d  GPIOPinConfigure                                                  
00000041  GPIOPinInfo                                                       
00006983  GPIOPinRead                                                       
0000758d  GPIOPinTypeADC                                                    
0000759f  GPIOPinTypeGPIOInput                                              
000073fd  GPIOPinTypeGPIOOutput                                             
000075b1  GPIOPinTypePWM                                                    
000075c3  GPIOPinTypeUART                                                   
0000760b  GPIOPinWrite                                                      
00006471  GPIORead                                                          
0000240d  GPIOSet                                                           
00005d7d  GPIOWrite                                                         
000012c3  HOSTclock                                                         
0000128b  HOSTclose                                                         
0000124d  HOSTgetenv                                                        
000011f1  HOSTlseek                                                         
0000119f  HOSTopen                                                          
00001153  HOSTread                                                          
000010f5  HOSTrename                                                        
000010bb  HOSTtime                                                          
0000106d  HOSTtime64                                                        
00001035  HOSTunlink                                                        
00000fe9  HOSTwrite                                                         
000069bd  InterruptClear                                                    
000069ed  InterruptEnable                                                   
0000aba8  Kd                                                                
0000abac  Ki                                                                
0000aba4  Kp                                                                
0000a9ac  LCD                                                               
000067d9  LCDClear                                                          
0000789b  LCDClock                                                          
000062e9  LCDInit                                                           
00006fa9  LCDSetContrast                                                    
00005715  LCDSmallCarAnimation                                              
00005dc9  LCDWriteChar                                                      
00005e15  LCDWriteCharInv                                                   
00004fdd  LCDWriteCmd                                                       
00005061  LCDWriteData                                                      
000050e5  LCDWriteDataInv                                                   
000065a5  LCDWriteFace                                                      
00007213  LCDWriteString                                                    
0000680f  LCDWriteStringInv                                                 
0000636d  LCDXY                                                             
000077c1  LCD_LED_OFF                                                       
000077cd  LCD_LED_ON                                                        
00005b4d  LeftEncoderHwi                                                    
000065dd  MoveBackLeft                                                      
00006615  MoveBackRight                                                     
00006a1d  MoveBackward                                                      
00006a4d  MoveForward                                                       
00006cbd  MoveLeft                                                          
00006ce9  MoveRight                                                         
0000664d  MoveSlighLeft                                                     
00006685  MoveSlightRight                                                   
0000a9a8  PIDSem                                                            
0000a9a4  PIDTask                                                           
00005775  PID_Rotate180                                                     
000018bd  PID_Task                                                          
00006fcb  PWMGenConfigure                                                   
000077d9  PWMGenEnable                                                      
00007645  PWMGenPeriodSet                                                   
000075d5  PWMOutputState                                                    
00000941  PWMPinInfo                                                        
[...]
0000aad0  ti_sysbios_heaps_HeapMem_Object__DESC__C                          
0000aaf0  ti_sysbios_knl_Queue_Object__DESC__C                              
0000ab10  ti_sysbios_knl_Semaphore_Object__DESC__C                          
0000ab30  ti_sysbios_gates_GateHwi_Object__PARAMS__C                        
0000ab48  ti_sysbios_gates_GateMutex_Object__PARAMS__C                      
0000ab60  ti_sysbios_knl_Queue_Object__PARAMS__C                            
0000ab78  xdc_runtime_Startup_firstFxns__A                                  
0000ab8c  xdc_runtime_Startup_sfxnRts__A                                    
0000ab9e  ti_catalog_arm_cortexm4_tiva_ce_Boot_Module__id__C                
0000aba0  sampTime                                                          
0000aba4  Kp                                                                
0000aba8  Kd                                                                
0000abac  Ki                                                                
0000abc4  ti_sysbios_family_arm_m3_Hwi_excHookFuncs__A                      
0000abcc  ti_sysbios_knl_Idle_funcList__C                                   
0000abd4  xdc_runtime_Startup_firstFxns__C                                  
0000abdc  xdc_runtime_Startup_lastFxns__C                                   
0000abe4  ti_catalog_arm_cortexm4_tiva_ce_Boot_A_mustUseEnhancedClockMode__C
0000abe8  ti_catalog_arm_cortexm4_tiva_ce_Boot_Module__diagsEnabled__C      
0000abec  ti_catalog_arm_cortexm4_tiva_ce_Boot_Module__diagsIncluded__C     
0000abf0  ti_catalog_arm_cortexm4_tiva_ce_Boot_Module__diagsMask__C         
0000abf4  ti_sysbios_family_arm_lm4_Timer_enableFunc__C                     
0000abf8  ti_sysbios_family_arm_lm4_Timer_numTimerDevices__C                
0000abfc  ti_sysbios_family_arm_lm4_Timer_startupNeeded__C                  
0000ac00  ti_sysbios_family_arm_m3_Hwi_E_NMI__C                             
0000ac04  ti_sysbios_family_arm_m3_Hwi_E_busFault__C                        
0000ac08  ti_sysbios_family_arm_m3_Hwi_E_debugMon__C                        
0000ac0c  ti_sysbios_family_arm_m3_Hwi_E_hardFault__C                       
0000ac10  ti_sysbios_family_arm_m3_Hwi_E_memFault__C                        
0000ac14  ti_sysbios_family_arm_m3_Hwi_E_noIsr__C                           
0000ac18  ti_sysbios_family_arm_m3_Hwi_E_reserved__C                        
0000ac1c  ti_sysbios_family_arm_m3_Hwi_E_svCall__C                          
0000ac20  ti_sysbios_family_arm_m3_Hwi_E_usageFault__C                      
0000ac24  ti_sysbios_family_arm_m3_Hwi_LD_end__C                            
0000ac28  ti_sysbios_family_arm_m3_Hwi_LM_begin__C                          
0000ac2c  ti_sysbios_family_arm_m3_Hwi_Module__diagsEnabled__C              
0000ac30  ti_sysbios_family_arm_m3_Hwi_Module__diagsIncluded__C             
0000ac34  ti_sysbios_family_arm_m3_Hwi_Module__diagsMask__C                 
0000ac38  ti_sysbios_family_arm_m3_Hwi_Module__loggerFxn1__C                
0000ac3c  ti_sysbios_family_arm_m3_Hwi_Module__loggerFxn8__C                
0000ac40  ti_sysbios_family_arm_m3_Hwi_Module__loggerObj__C                 
0000ac44  ti_sysbios_family_arm_m3_Hwi_NUM_INTERRUPTS__C                    
0000ac48  ti_sysbios_family_arm_m3_Hwi_Object__count__C                     
0000ac4c  ti_sysbios_family_arm_m3_Hwi_ccr__C                               
0000ac50  ti_sysbios_family_arm_m3_Hwi_excHandlerFunc__C                    
0000ac54  ti_sysbios_family_arm_m3_Hwi_excHookFuncs__C                      
0000ac58  ti_sysbios_family_arm_m3_Hwi_nullIsrFunc__C                       
0000ac5c  ti_sysbios_family_arm_m3_Hwi_priGroup__C                          
0000ac60  ti_sysbios_gates_GateMutex_A_badContext__C                        
0000ac64  ti_sysbios_gates_GateMutex_Instance_State_sem__O                  
0000ac68  ti_sysbios_gates_GateMutex_Module__diagsEnabled__C                
0000ac6c  ti_sysbios_gates_GateMutex_Module__diagsIncluded__C               
0000ac70  ti_sysbios_gates_GateMutex_Module__diagsMask__C                   
0000ac74  ti_sysbios_hal_Hwi_E_stackOverflow__C                             
0000ac78  ti_sysbios_heaps_HeapMem_A_align__C                               
0000ac7c  ti_sysbios_heaps_HeapMem_A_heapSize__C                            
0000ac80  ti_sysbios_heaps_HeapMem_A_invalidFree__C                         
0000ac84  ti_sysbios_heaps_HeapMem_A_zeroBlock__C                           
0000ac88  ti_sysbios_heaps_HeapMem_E_memory__C                              
0000ac8c  ti_sysbios_heaps_HeapMem_Module__diagsEnabled__C                  
0000ac90  ti_sysbios_heaps_HeapMem_Module__diagsIncluded__C                 
0000ac94  ti_sysbios_heaps_HeapMem_Module__diagsMask__C                     
0000ac98  ti_sysbios_heaps_HeapMem_Module__gateObj__C                       
0000ac9c  ti_sysbios_heaps_HeapMem_Object__count__C                         
0000aca0  ti_sysbios_heaps_HeapMem_reqAlign__C                              
0000aca4  ti_sysbios_knl_Clock_LM_begin__C                                  
0000aca8  ti_sysbios_knl_Clock_LM_tick__C                                   
0000acac  ti_sysbios_knl_Clock_LW_delayed__C                                
0000acb0  ti_sysbios_knl_Clock_Module_State_clockQ__O                       
0000acb4  ti_sysbios_knl_Clock_Module__diagsEnabled__C                      
0000acb8  ti_sysbios_knl_Clock_Module__diagsIncluded__C                     
0000acbc  ti_sysbios_knl_Clock_Module__diagsMask__C                         
0000acc0  ti_sysbios_knl_Clock_Module__loggerFxn1__C                        
0000acc4  ti_sysbios_knl_Clock_Module__loggerFxn2__C                        
0000acc8  ti_sysbios_knl_Clock_Module__loggerObj__C                         
0000accc  ti_sysbios_knl_Idle_funcList__A                                   
0000acd0  ti_sysbios_knl_Semaphore_A_badContext__C                          
0000acd4  ti_sysbios_knl_Semaphore_A_noEvents__C                            
0000acd8  ti_sysbios_knl_Semaphore_A_overflow__C                            
0000acdc  ti_sysbios_knl_Semaphore_A_pendTaskDisabled__C                    
0000ace0  ti_sysbios_knl_Semaphore_Instance_State_pendQ__O                  
0000ace4  ti_sysbios_knl_Semaphore_LM_pend__C                               
0000ace8  ti_sysbios_knl_Semaphore_LM_post__C                               
0000acec  ti_sysbios_knl_Semaphore_Module__diagsEnabled__C                  
0000acf0  ti_sysbios_knl_Semaphore_Module__diagsIncluded__C                 
0000acf4  ti_sysbios_knl_Semaphore_Module__diagsMask__C                     
0000acf8  ti_sysbios_knl_Semaphore_Module__loggerFxn2__C                    
0000acfc  ti_sysbios_knl_Semaphore_Module__loggerFxn4__C                    
0000ad00  ti_sysbios_knl_Semaphore_Module__loggerObj__C                     
0000ad04  ti_sysbios_knl_Swi_LD_end__C                                      
0000ad08  ti_sysbios_knl_Swi_LM_begin__C                                    
0000ad0c  ti_sysbios_knl_Swi_LM_post__C                                     
0000ad10  ti_sysbios_knl_Swi_Module__diagsEnabled__C                        
0000ad14  ti_sysbios_knl_Swi_Module__diagsIncluded__C                       
0000ad18  ti_sysbios_knl_Swi_Module__diagsMask__C                           
0000ad1c  ti_sysbios_knl_Swi_Module__loggerFxn1__C                          
0000ad20  ti_sysbios_knl_Swi_Module__loggerFxn4__C                          
0000ad24  ti_sysbios_knl_Swi_Module__loggerObj__C                           
0000ad28  ti_sysbios_knl_Swi_Object__count__C                               
0000ad2c  ti_sysbios_knl_Task_E_spOutOfBounds__C                            
0000ad30  ti_sysbios_knl_Task_E_stackOverflow__C                            
0000ad34  ti_sysbios_knl_Task_LD_block__C                                   
0000ad38  ti_sysbios_knl_Task_LD_exit__C                                    
0000ad3c  ti_sysbios_knl_Task_LD_ready__C                                   
0000ad40  ti_sysbios_knl_Task_LM_switch__C                                  
0000ad44  ti_sysbios_knl_Task_Module_State_inactiveQ__O                     
0000ad48  ti_sysbios_knl_Task_Module__diagsEnabled__C                       
0000ad4c  ti_sysbios_knl_Task_Module__diagsIncluded__C                      
0000ad50  ti_sysbios_knl_Task_Module__diagsMask__C                          
0000ad54  ti_sysbios_knl_Task_Module__loggerFxn2__C                         
0000ad58  ti_sysbios_knl_Task_Module__loggerFxn4__C                         
0000ad5c  ti_sysbios_knl_Task_Module__loggerObj__C                          
0000ad60  ti_sysbios_knl_Task_Object__count__C                              
0000ad64  ti_sysbios_knl_Task_allBlockedFunc__C                             
0000ad68  ti_sysbios_knl_Task_numConstructedTasks__C                        
0000ad6c  xdc_runtime_Assert_E_assertFailed__C                              
0000ad70  xdc_runtime_Core_A_initializedParams__C                           
0000ad74  xdc_runtime_Core_Module__diagsEnabled__C                          
0000ad78  xdc_runtime_Core_Module__diagsIncluded__C                         
0000ad7c  xdc_runtime_Core_Module__diagsMask__C                             
0000ad80  xdc_runtime_Error_E_memory__C                                     
0000ad84  xdc_runtime_Error_Module__diagsEnabled__C                         
0000ad88  xdc_runtime_Error_Module__diagsIncluded__C                        
0000ad8c  xdc_runtime_Error_Module__diagsMask__C                            
0000ad90  xdc_runtime_Error_Module__loggerFxn8__C                           
0000ad94  xdc_runtime_Error_Module__loggerObj__C                            
0000ad98  xdc_runtime_Error_policyFxn__C                                    
0000ad9c  xdc_runtime_Error_raiseHook__C                                    
0000ada0  xdc_runtime_IGateProvider_Interface__BASE__C                      
0000ada4  xdc_runtime_IHeap_Interface__BASE__C                              
0000ada8  xdc_runtime_IModule_Interface__BASE__C                            
0000adac  xdc_runtime_Log_L_error__C                                        
0000adb0  xdc_runtime_Memory_defaultHeapInstance__C                         
0000adb4  xdc_runtime_Startup_execImpl__C                                   
0000adb8  xdc_runtime_Startup_maxPasses__C                                  
0000adbc  xdc_runtime_Startup_sfxnRts__C                                    
0000adc0  xdc_runtime_Startup_sfxnTab__C                                    
0000adc4  xdc_runtime_SysMin_bufSize__C                                     
0000adc8  xdc_runtime_SysMin_outputFunc__C                                  
0000adcc  xdc_runtime_System_Module__gateObj__C                             
0000add0  xdc_runtime_System_abortFxn__C                                    
0000add4  xdc_runtime_System_exitFxn__C                                     
0000add8  xdc_runtime_System_extendFxn__C                                   
0000addc  xdc_runtime_System_maxAtexitHandlers__C                           
0000ade0  xdc_runtime_Text_charTab__C                                       
0000ade4  xdc_runtime_Text_nameEmpty__C                                     
0000ade8  xdc_runtime_Text_nameStatic__C                                    
0000adec  xdc_runtime_Text_nameUnknown__C                                   
0000adf0  xdc_runtime_Text_nodeTab__C                                       
0000adf4  xdc_runtime_Text_visitRopeFxn__C                                  
0000adf8  ti_sysbios_family_arm_m3_Hwi_Module__id__C                        
0000adfa  ti_sysbios_family_arm_m3_Hwi_Module__loggerDefined__C             
0000adfc  ti_sysbios_gates_GateMutex_Module__id__C                          
0000adfe  ti_sysbios_hal_Hwi_Module__id__C                                  
0000ae00  ti_sysbios_heaps_HeapMem_Module__id__C                            
0000ae02  ti_sysbios_knl_Clock_Module__id__C                                
0000ae04  ti_sysbios_knl_Clock_Module__loggerDefined__C                     
0000ae06  ti_sysbios_knl_Semaphore_Module__id__C                            
0000ae08  ti_sysbios_knl_Semaphore_Module__loggerDefined__C                 
0000ae0a  ti_sysbios_knl_Swi_Module__id__C                                  
0000ae0c  ti_sysbios_knl_Swi_Module__loggerDefined__C                       
0000ae0e  ti_sysbios_knl_Task_Module__id__C                                 
0000ae10  ti_sysbios_knl_Task_Module__loggerDefined__C                      
0000ae12  xdc_runtime_Core_Module__id__C                                    
0000ae14  xdc_runtime_Error_Module__loggerDefined__C                        
0000ae16  xdc_runtime_Error_maxDepth__C                                     
0000ae18  xdc_runtime_Memory_Module__id__C                                  
0000ae1a  xdc_runtime_SysMin_flushAtExit__C                                 
0000ae1c  xdc_runtime_Text_charCnt__C                                       
0000ae1e  xdc_runtime_Text_isLoaded__C                                      
0000ae20  xdc_runtime_Text_registryModsLastId__C                            
0000ae22  xdc_runtime_Text_unnamedModsLastId__C                             
0000ae28  __TI_static_base__                                                
0000b0ac  __TI_Handler_Table_Base                                           
0000b0b8  __TI_Handler_Table_Limit                                          
0000b0c8  __TI_CINIT_Base                                                   
0000b0e0  __TI_CINIT_Limit                                                  
20000000  ti_sysbios_family_arm_m3_Hwi_ramVectors                           
20000360  ti_sysbios_knl_Task_Instance_State_0_stack__A                     
20000760  ti_sysbios_knl_Task_Instance_State_1_stack__A                     
20000960  ti_sysbios_knl_Task_Instance_State_2_stack__A                     
20000b60  ti_sysbios_heaps_HeapMem_Instance_State_0_buf__A                  
20001360  ti_sysbios_family_arm_m3_Hwi_dispatchTable                        
200016c0  __CIOBUF_                                                         
200017e0  xdc_runtime_SysMin_Module_State_0_outbuf__A                       
20001860  StringBuff                                                        
2000187c  ADCBase                                                           
20001880  PWMui32Base                                                       
20001884  PWMui32Gen                                                        
20001888  PWMui32Peripheral                                                 
2000188c  PWMui32PinConfig                                                  
20001890  UARTui32Base                                                      
20001894  UARTui32Peripheral                                                
20001898  UARTui32PinConfig                                                 
2000189c  channel                                                           
200018a0  ui32PWMOut                                                        
200018a4  ui32PWMOutBits                                                    
200018a8  ui32Peripheral                                                    
200018ac  ui32Port                                                          
200018b1  CharBuff                                                          
200018b2  ui8Pins                                                           
200018b4  __stack                                                           
200020b4  __STACK_END                                                       
200020b4  ti_sysbios_knl_Task_Object__table__V                              
20002198  ti_sysbios_family_arm_lm4_Timer_Object__table__V                  
20002218  ti_sysbios_knl_Swi_Module_State_0_readyQ__A                       
20002298  ti_sysbios_knl_Task_Module_State_0_readyQ__A                      
20002318  ti_sysbios_family_arm_m3_Hwi_Object__table__V                     
20002390  ti_sysbios_knl_Clock_Object__table__V                             
200023f0  ti_sysbios_knl_Swi_Object__table__V                               
20002450  ti_sysbios_knl_Task_Module__state__V                              
20002494  ti_sysbios_family_arm_m3_Hwi_Module__state__V                     
200024c8  ti_sysbios_family_arm_lm4_Timer_Module_State_0_device__A          
200024f8  ti_sysbios_knl_Clock_Module__state__V                             
20002524  ti_sysbios_knl_Semaphore_Object__table__V                         
2000254c  ADCSetupInfo                                                      
20002570  ti_sysbios_BIOS_Module__state__V                                  
20002599  UART_Contrler                                                     
2000259a  UART_PID                                                          
2000259b  UARTNewChar_Flag                                                  
200025b0  ti_sysbios_gates_GateMutex_Object__table__V                       
200025cc  ti_sysbios_knl_Swi_Module__state__V                               
200025e8  ti_sysbios_family_arm_lm4_Timer_Module_State_0_handles__A         
20002600  ti_sysbios_heaps_HeapMem_Object__table__V                         
20002618  __TI_cleanup_ptr                                                  
2000261c  __TI_dtors_ptr                                                    
20002620  __TI_enable_exit_profile_output                                   
20002624  ti_sysbios_family_arm_lm4_Timer_Module__state__V                  
20002630  xdc_runtime_SysMin_Module__state__V                               
2000263c  _lock                                                             
20002640  _unlock                                                           
20002644  ti_sysbios_gates_GateHwi_Module__root__V                          
2000264c  ti_sysbios_gates_GateMutex_Module__root__V                        
20002654  ti_sysbios_hal_Timer_Object__table__V                             
2000265c  ti_sysbios_heaps_HeapMem_Module__root__V                          
20002664  ti_sysbios_knl_Queue_Module__root__V                              
2000266c  ti_sysbios_knl_Semaphore_Module__root__V                          
20002674  xdc_runtime_Registry_Module__state__V                             
2000267c  xdc_runtime_Startup_Module__state__V                              
20002684  xdc_runtime_System_Module_State_0_atexitHandlers__A               
2000268c  xdc_runtime_System_Module__state__V                               
20002694  index                                                             
2000269c  main_func_sp                                                      
200026a0  ti_sysbios_family_arm_m3_Hwi_Module_State_0_excContext__A         
200026a4  ti_sysbios_family_arm_m3_Hwi_Module_State_0_excStack__A           
200026a8  ti_sysbios_gates_GateHwi_Object__table__V                         
200026ac  ti_sysbios_knl_Task_Module_State_0_idleTask__A                    
200026b0  xdc_runtime_Memory_Module__state__V                               
200026b4  ti_sysbios_family_arm_m3_Hwi_Module_State_0_excActive__A          
200026b6  xdc_runtime_Error_Module__state__V                                
e000e000  ti_sysbios_family_arm_m3_Hwi_nvic                                 
ffffffff  __TI_pprof_out_hndl                                               
ffffffff  __TI_prof_data_size                                               
ffffffff  __TI_prof_data_start                                              
ffffffff  __binit__                                                         
ffffffff  __c_args__                                                        
ffffffff  binit                                                             
UNDEFED   SHT$$INIT_ARRAY$$Base                                             
UNDEFED   SHT$$INIT_ARRAY$$Limit                                            

[677 symbols]
